******************************************************************************
                  TI ARM Linker PC v5.2.9                      
******************************************************************************
>> Linked Fri Nov 21 17:51:47 2025

OUTPUT FILE NAME:   <Final.out>
ENTRY POINT SYMBOL: "_c_int00"  address: 00003fa1


MEMORY CONFIGURATION

         name            origin    length      used     unused   attr    fill
----------------------  --------  ---------  --------  --------  ----  --------
  FLASH                 00000000   00040000  00008244  00037dbc  R  X
  SRAM                  20000000   00008000  00003910  000046f0  RW X


SEGMENT ALLOCATION MAP

run origin  load origin   length   init length attrs members
----------  ----------- ---------- ----------- ----- -------
00000000    00000000    00008250   00008250    r-x
  00000000    00000000    0000003c   0000003c    r-- .resetVecs
  00000040    00000040    00005d12   00005d12    r-x .text
  00005d54    00005d54    00001fb6   00001fb6    r-- .const
  00007d10    00007d10    00000540   00000540    r-- .cinit
20000000    20000000    00003910   00000000    rw-
  20000000    20000000    00000360   00000000    rw- .vecs
  20000360    20000360    00002b54   00000000    rw- .bss
  20002eb4    20002eb4    0000075c   00000000    rw- .data
  20003610    20003610    00000300   00000000    rw- .stack


SECTION ALLOCATION MAP

 output                                  attributes/
section   page    origin      length       input sections
--------  ----  ----------  ----------   ----------------
.text      0    00000040    00005d12     
                  00000040    00000430     sysbios.aem4f : BIOS.obj (.text:ti_sysbios_family_arm_m3_Hwi_excDumpRegs__I)
                  00000470    0000034c     ti.targets.arm.rtsarm.aem4f : System.oem4f (.text:xdc_runtime_System_doPrint__I)
                  000007bc    000002d4     rtsv7M4_T_le_v4SPD16_eabi.lib : trgdrv.obj (.text)
                  00000a90    000001fc     sysbios.aem4f : BIOS.obj (.text:ti_sysbios_family_arm_m3_Hwi_excHandlerMax__I)
                  00000c8c    000001f4     main.obj (.text:pid_func)
                  00000e80    000001b6     rtsv7M4_T_le_v4SPD16_eabi.lib : fd_add_t2.obj (.text)
                  00001036    00000002                                   : i_div0.obj (.text)
                  00001038    00000184     main.obj (.text:execute_front_task)
                  000011bc    00000004     driverlib.lib : timer.obj (.text:TimerIntClear)
                  000011c0    00000174     sysbios.aem4f : BIOS.obj (.text:ti_sysbios_family_arm_m3_Hwi_excBusFault__I)
                  00001334    00000004     driverlib.lib : uart.obj (.text:UARTIntClear)
                  00001338    00000164     sysbios.aem4f : BIOS.obj (.text:ti_sysbios_family_arm_m3_Hwi_excUsageFault__I)
                  0000149c    00000150     main.obj (.text:execute_sensor_task)
                  000015ec    00000004     empty_min_pem4f.oem4f (.text:ti_sysbios_BIOS_RtsGateProxy_enter__E)
                  000015f0    00000148     sysbios.aem4f : BIOS.obj (.text:ti_sysbios_family_arm_m3_Hwi_excMemFault__I)
                  00001738    00000138     main.obj (.text:PWM_init)
                  00001870    00000138     sysbios.aem4f : BIOS.obj (.text:ti_sysbios_knl_Semaphore_pend__E)
                  000019a8    00000136     rtsv7M4_T_le_v4SPD16_eabi.lib : fd_div_t2.obj (.text)
                  00001ade    00000130     driverlib.lib : gpio.obj (.text:GPIOPadConfigSet)
                  00001c0e    00000002     empty_min_pem4f.oem4f (.text:ti_sysbios_BIOS_nullFunc__I)
                  00001c10    00000118     ti.targets.arm.rtsarm.aem4f : Error.oem4f (.text:xdc_runtime_Error_policyDefault__E)
                  00001d28    0000010c     driverlib.lib : sysctl.obj (.text:SysCtlClockGet)
                  00001e34    00000004     empty_min_pem4f.oem4f (.text:ti_sysbios_BIOS_RtsGateProxy_leave__E)
                  00001e38    00000108     sysbios.aem4f : BIOS.obj (.text:ti_sysbios_family_arm_lm4_Timer_start__E)
                  00001f40    00000100     Boot.aem4f : Boot_sysctl.oem4f (.text:ti_catalog_arm_cortexm4_tiva_ce_Boot_sysCtlClockSetI__I)
                  00002040    00000100     ti.targets.arm.rtsarm.aem4f : Core-mem.oem4f (.text:xdc_runtime_Core_createObject__I)
                  00002140    000000fc     main.obj (.text:UART1IntHandler)
                  0000223c    000000fc     rtsv7M4_T_le_v4SPD16_eabi.lib : fd_mul_t2.obj (.text)
                  00002338    000000f8     ti.targets.arm.rtsarm.aem4f : Startup.oem4f (.text:xdc_runtime_Startup_startMods__I)
                  00002430    000000f8     empty_min_pem4f.oem4f (.text:xdc_runtime_System_printfExtend__I)
                  00002528    000000f4     main.obj (.text:execute_pid_task)
                  0000261c    000000f4     sysbios.aem4f : m3_Hwi_asm.obj (.text:ti_sysbios_family_arm_m3_Hwi_dispatch__I)
                  00002710    000000f0     driverlib.lib : sysctl.obj (.text:SysCtlClockSet)
                  00002800    000000cc     sysbios.aem4f : BIOS.obj (.text:ti_sysbios_heaps_HeapMem_alloc__E)
                  000028cc    000000cc     ti.targets.arm.rtsarm.aem4f : Core-smem.oem4f (.text:xdc_runtime_Core_constructObject__I)
                  00002998    000000c5     main.obj (.text:AssembleFrame)
                  00002a5d    00000001     --HOLE-- [fill = 0]
                  00002a5e    00000002     empty_min_pem4f.oem4f (.text:xdc_runtime_Startup_reset__I)
                  00002a60    000000bc     sysbios.aem4f : BIOS.obj (.text:ti_sysbios_family_arm_m3_Hwi_excDebugMon__I)
                  00002b1c    00000004                   : BIOS.obj (.text:ti_sysbios_family_arm_lm4_Timer_masterEnable__I)
                  00002b20    000000bc                   : BIOS.obj (.text:ti_sysbios_family_arm_m3_Hwi_excHardFault__I)
                  00002bdc    000000ac     main.obj (.text:UART_init)
                  00002c88    000000ac     sysbios.aem4f : BIOS.obj (.text:ti_sysbios_family_arm_lm4_Timer_enableTiva__I)
                  00002d34    000000a4     main.obj (.text:ADC_init)
                  00002dd8    000000a4     main.obj (.text:StorePIDErrorTask)
                  00002e7c    000000a0     auto_init.aem4f : auto_init.oem4f (.text)
                  00002f1c    000000a0     ti.targets.arm.rtsarm.aem4f : Text.oem4f (.text:xdc_runtime_Text_putMod__E)
                  00002fbc    0000009c     rtsv7M4_T_le_v4SPD16_eabi.lib : memcpy_t2.obj (.text)
                  00003058    0000009a     ti.targets.arm.rtsarm.aem4f : Text.oem4f (.text:xdc_runtime_Text_putSite__E)
                  000030f2    00000002     --HOLE-- [fill = 0]
                  000030f4    00000098     Boot.aem4f : Boot.oem4f (.text:ti_catalog_arm_cortexm4_tiva_ce_Boot_sysCtlClockSet__E)
                  0000318c    00000094     main.obj (.text:execute_command)
                  00003220    00000094     sysbios.aem4f : BIOS.obj (.text:ti_sysbios_family_arm_m3_Hwi_initNVIC__E)
                  000032b4    0000008c                   : m3_TaskSupport_asm.obj (.text:ti_sysbios_family_arm_m3_TaskSupport_buildTaskStack)
                  00003340    0000008c                   : BIOS.obj (.text:ti_sysbios_knl_Task_postInit__I)
                  000033cc    00000004     empty_min_pem4f.oem4f (.text:ti_sysbios_family_arm_m3_TaskSupport_Module__startupDone__S)
                  000033d0    00000084     sysbios.aem4f : BIOS.obj (.text:ti_sysbios_family_arm_m3_Hwi_postInit__I)
                  00003454    00000080     main.obj (.text:stopRobot)
                  000034d4    00000004     empty_min_pem4f.oem4f (.text:ti_sysbios_heaps_HeapMem_Module_GateProxy_enter__E)
                  000034d8    0000007c     sysbios.aem4f : BIOS.obj (.text:ti_sysbios_heaps_HeapMem_free__E)
                  00003554    0000007a     driverlib.lib : adc.obj (.text:ADCSequenceStepConfigure)
                  000035ce    0000007a     rtsv7M4_T_le_v4SPD16_eabi.lib : memset_t2.obj (.text)
                  00003648    00000070     sysbios.aem4f : BIOS.obj (.text:ti_sysbios_knl_Semaphore_post__E)
                  000036b8    0000006e     rtsv7M4_T_le_v4SPD16_eabi.lib : fd_tos_t2.obj (.text)
                  00003726    00000002     --HOLE-- [fill = 0]
                  00003728    0000006d     ti.targets.arm.rtsarm.aem4f : System.oem4f (.text:xdc_runtime_System_formatNum__I)
                  00003795    00000003     --HOLE-- [fill = 0]
                  00003798    0000006c     sysbios.aem4f : BIOS.obj (.text:ti_sysbios_knl_Clock_workFunc__E)
                  00003804    00000004     empty_min_pem4f.oem4f (.text:ti_sysbios_heaps_HeapMem_Module_GateProxy_leave__E)
                  00003808    0000006c     sysbios.aem4f : BIOS.obj (.text:ti_sysbios_knl_Swi_restoreHwi__E)
                  00003874    00000004     empty_min_pem4f.oem4f (.text:ti_sysbios_knl_Clock_TimerProxy_getMaxTicks__E)
                  00003878    0000006c     sysbios.aem4f : BIOS.obj (.text:ti_sysbios_knl_Task_exit__E)
                  000038e4    0000006c     ti.targets.arm.rtsarm.aem4f : Error.oem4f (.text:xdc_runtime_Error_print__E)
                  00003950    0000006c                                 : Memory.oem4f (.text:xdc_runtime_Memory_alloc__E)
                  000039bc    0000006a     rtsv7M4_T_le_v4SPD16_eabi.lib : copy_decompress_rle.obj (.text)
                  00003a26    00000002     --HOLE-- [fill = 0]
                  00003a28    00000068     driverlib.lib : interrupt.obj (.text:IntEnable)
                  00003a90    00000068     main.obj (.text:blinky)
                  00003af8    00000068     main.obj (.text:main)
                  00003b60    00000068     rtsv7M4_T_le_v4SPD16_eabi.lib : trgmsg.obj (.text)
                  00003bc8    00000066     ti.targets.arm.rtsarm.aem4f : Core-mem.oem4f (.text:xdc_runtime_Core_deleteObject__I)
                  00003c2e    00000002     --HOLE-- [fill = 0]
                  00003c30    00000064     main.obj (.text:Timer1AIntHandler)
                  00003c94    00000004     empty_min_pem4f.oem4f (.text:ti_sysbios_knl_Queue_destruct)
                  00003c98    00000064     sysbios.aem4f : BIOS.obj (.text:ti_sysbios_family_arm_lm4_Timer_Module_startup__E)
                  00003cfc    00000004     empty_min_pem4f.oem4f (.text:ti_sysbios_knl_Semaphore_destruct)
                  00003d00    00000064     sysbios.aem4f : BIOS.obj (.text:ti_sysbios_family_arm_m3_Hwi_dispatchC__I)
                  00003d64    00000060     driverlib.lib : timer.obj (.text:TimerConfigure)
                  00003dc4    00000004     ti.targets.arm.rtsarm.aem4f : Error.oem4f (.text:xdc_runtime_Error_getSite__E)
                  00003dc8    0000005c     sysbios.aem4f : BIOS.obj (.text:ti_sysbios_knl_Swi_run__I)
                  00003e24    00000004     empty_min_pem4f.oem4f (.text:xdc_runtime_System_Module_GateProxy_enter__E)
                  00003e28    0000005c     sysbios.aem4f : BIOS.obj (.text:ti_sysbios_knl_Swi_schedule__I)
                  00003e84    00000004     empty_min_pem4f.oem4f (.text:xdc_runtime_System_Module_GateProxy_leave__E)
                  00003e88    0000005c     sysbios.aem4f : BIOS.obj (.text:ti_sysbios_knl_Task_Module_startup__E)
                  00003ee4    00000004     ti.targets.arm.rtsarm.aem4f : System.oem4f (.text:xdc_runtime_System_aprintf_va__F)
                  00003ee8    0000005c     sysbios.aem4f : BIOS.obj (.text:ti_sysbios_knl_Task_startCore__E)
                  00003f44    0000005b     ti.targets.arm.rtsarm.aem4f : Text.oem4f (.text:xdc_runtime_Text_putLab__E)
                  00003f9f    00000001     --HOLE-- [fill = 0]
                  00003fa0    00000058     boot.aem4f : boot.oem4f (.text)
                  00003ff8    00000058     sysbios.aem4f : m3_Hwi_asm_switch.obj (.text:ti_sysbios_family_arm_m3_Hwi_initStacks__E)
                  00004050    00000058     main.obj (.text:uTurn)
                  000040a8    00000054     main.obj (.text:Timer1A_init)
                  000040fc    00000004     ti.targets.arm.rtsarm.aem4f : System.oem4f (.text:xdc_runtime_System_printf_va__F)
                  00004100    00000054     sysbios.aem4f : BIOS.obj (.text:ti_sysbios_family_arm_lm4_Timer_initDevice__I)
                  00004154    00000054     ti.targets.arm.rtsarm.aem4f : Assert.oem4f (.text:xdc_runtime_Assert_raise__I)
                  000041a8    00000050     main.obj (.text:ReflectSensorTimerInit)
                  000041f8    00000050     sysbios.aem4f : BIOS.obj (.text:ti_sysbios_family_arm_m3_Hwi_Module_startup__E)
                  00004248    00000050     ti.targets.arm.rtsarm.aem4f : Startup.oem4f (.text:xdc_runtime_Startup_exec__E)
                  00004298    00000050                                 : Text.oem4f (.text:xdc_runtime_Text_visitRope2__I)
                  000042e8    0000004c     rtsv7M4_T_le_v4SPD16_eabi.lib : cpy_tbl.obj (.text)
                  00004334    00000004     --HOLE-- [fill = 0]
                  00004338    0000004c     sysbios.aem4f : BIOS.obj (.text:ti_sysbios_heaps_HeapMem_getStats__E)
                  00004384    00000004     --HOLE-- [fill = 0]
                  00004388    0000004c                   : BIOS.obj (.text:ti_sysbios_knl_Swi_runLoop__I)
                  000043d4    00000004     --HOLE-- [fill = 0]
                  000043d8    0000004c                   : BIOS.obj (.text:ti_sysbios_knl_Task_allBlockedFunction__I)
                  00004424    00000004     --HOLE-- [fill = 0]
                  00004428    0000004c                   : BIOS.obj (.text:ti_sysbios_knl_Task_schedule__I)
                  00004474    00000048     driverlib.lib : gpio.obj (.text:GPIOPinConfigure)
                  000044bc    00000048     main.obj (.text:UART0IntHandler)
                  00004504    00000004     --HOLE-- [fill = 0]
                  00004508    00000048     sysbios.aem4f : BIOS.obj (.text:ti_sysbios_family_arm_lm4_Timer_enableTimers__I)
                  00004550    00000048                   : BIOS.obj (.text:ti_sysbios_family_arm_m3_Hwi_disableInterrupt__E)
                  00004598    00000048                   : BIOS.obj (.text:ti_sysbios_family_arm_m3_Hwi_enableInterrupt__E)
                  000045e0    00000048                   : BIOS.obj (.text:ti_sysbios_family_arm_m3_Hwi_excReserved__I)
                  00004628    00000046     ti.targets.arm.rtsarm.aem4f : Core-params.oem4f (.text:xdc_runtime_Core_assignParams__I)
                  0000466e    00000002     --HOLE-- [fill = 0]
                  00004670    00000044     rtsv7M4_T_le_v4SPD16_eabi.lib : exit.obj (.text)
                  000046b4    00000044                                   : fd_tou_t2.obj (.text)
                  000046f8    00000044     sysbios.aem4f : BIOS.obj (.text:ti_sysbios_family_arm_lm4_Timer_isrStub__E)
                  0000473c    00000004     --HOLE-- [fill = 0]
                  00004740    00000044                   : BIOS.obj (.text:ti_sysbios_family_arm_m3_Hwi_getStackInfo__E)
                  00004784    00000004     --HOLE-- [fill = 0]
                  00004788    00000044                   : BIOS.obj (.text:ti_sysbios_knl_Swi_post__E)
                  000047cc    00000044     ti.targets.arm.rtsarm.aem4f : Error.oem4f (.text:xdc_runtime_Error_setX__E)
                  00004810    00000044                                 : SysMin.oem4f (.text:xdc_runtime_SysMin_flush__E)
                  00004854    00000044                                 : Text.oem4f (.text:xdc_runtime_Text_xprintf__I)
                  00004898    00000042     driverlib.lib : uart.obj (.text:UARTConfigSetExpClk)
                  000048da    00000002     --HOLE-- [fill = 0]
                  000048dc    00000040     main.obj (.text:rightTurn)
                  0000491c    00000040     rtsv7M4_T_le_v4SPD16_eabi.lib : u_divt2.obj (.text)
                  0000495c    00000004     --HOLE-- [fill = 0]
                  00004960    00000040     sysbios.aem4f : BIOS.obj (.text:ti_sysbios_family_arm_lm4_Timer_startup__E)
                  000049a0    00000040                   : BIOS.obj (.text:ti_sysbios_heaps_HeapMem_Instance_init__E)
                  000049e0    0000003e     driverlib.lib : adc.obj (.text:ADCSequenceConfigure)
                  00004a1e    00000002     --HOLE-- [fill = 0]
                  00004a20    0000003c     sysbios.aem4f : BIOS.obj (.text:ti_sysbios_family_arm_m3_Hwi_excSvCall__I)
                  00004a5c    00000004     --HOLE-- [fill = 0]
                  00004a60    0000003c                   : BIOS.obj (.text:ti_sysbios_heaps_HeapMem_init__I)
                  00004a9c    00000004     --HOLE-- [fill = 0]
                  00004aa0    0000003c                   : BIOS.obj (.text:ti_sysbios_knl_Swi_restore__E)
                  00004adc    00000038     driverlib.lib : sysctl.obj (.text:SysCtlPeripheralReady)
                  00004b14    00000038     main.obj (.text:execute_cmd_task)
                  00004b4c    00000038     rtsv7M4_T_le_v4SPD16_eabi.lib : fs_tod_t2.obj (.text)
                  00004b84    00000004     --HOLE-- [fill = 0]
                  00004b88    00000038     sysbios.aem4f : BIOS.obj (.text:ti_sysbios_family_arm_m3_Hwi_excNoIsr__I)
                  00004bc0    00000038                   : BIOS.obj (.text:ti_sysbios_knl_Task_processVitalTaskFlag__I)
                  00004bf8    00000038     ti.targets.arm.rtsarm.aem4f : SysMin.oem4f (.text:xdc_runtime_SysMin_putch__E)
                  00004c30    00000038                                 : System.oem4f (.text:xdc_runtime_System_atexit__E)
                  00004c68    00000034     main.obj (.text:SendFrameUART)
                  00004c9c    00000034     driverlib.lib : sysctl.obj (.text:SysCtlPeripheralEnable)
                  00004cd0    00000034     main.obj (.text:TransmitTask)
                  00004d04    00000004     --HOLE-- [fill = 0]
                  00004d08    00000034     sysbios.aem4f : BIOS.obj (.text:ti_sysbios_family_arm_m3_Hwi_excNmi__I)
                  00004d3c    00000034     ti.targets.arm.rtsarm.aem4f : Core-label.oem4f (.text:xdc_runtime_Core_assignLabel__I)
                  00004d70    00000033                                 : Text.oem4f (.text:xdc_runtime_Text_printVisFxn__I)
                  00004da3    00000005     --HOLE-- [fill = 0]
                  00004da8    00000032     sysbios.aem4f : BIOS.obj (.text:ti_sysbios_hal_Hwi_initStack)
                  00004dda    00000002     --HOLE-- [fill = 0]
                  00004ddc    00000030     empty_min_pem4f.oem4f (.text:ti_sysbios_BIOS_atExitFunc__I)
                  00004e0c    00000004     --HOLE-- [fill = 0]
                  00004e10    00000030     sysbios.aem4f : BIOS.obj (.text:ti_sysbios_family_arm_lm4_Timer_stop__E)
                  00004e40    00000030                   : BIOS.obj (.text:ti_sysbios_family_arm_m3_TaskSupport_start__E)
                  00004e70    00000030     empty_min_pem4f.oem4f (.text:ti_sysbios_gates_GateHwi_Object__create__S)
                  00004ea0    00000030     empty_min_pem4f.oem4f (.text:ti_sysbios_gates_GateMutex_Object__create__S)
                  00004ed0    00000030     sysbios.aem4f : BIOS.obj (.text:ti_sysbios_gates_GateMutex_enter__E)
                  00004f00    00000030     empty_min_pem4f.oem4f (.text:ti_sysbios_heaps_HeapMem_Object__create__S)
                  00004f30    00000030     empty_min_pem4f.oem4f (.text:ti_sysbios_knl_Semaphore_construct)
                  00004f60    00000030     sysbios.aem4f : BIOS.obj (.text:ti_sysbios_knl_Semaphore_pendTimeout__I)
                  00004f90    00000030                   : BIOS.obj (.text:ti_sysbios_knl_Task_unblockI__E)
                  00004fc0    00000030     ti.targets.arm.rtsarm.aem4f : SysMin.oem4f (.text:xdc_runtime_SysMin_abort__E)
                  00004ff0    00000030                                 : System.oem4f (.text:xdc_runtime_System_processAtExit__E)
                  00005020    0000002c     main.obj (.text:UART1Send)
                  0000504c    0000002c     empty_min_pem4f.oem4f (.text:ti_sysbios_knl_Clock_doTick__I)
                  00005078    0000002c     empty_min_pem4f.oem4f (.text:ti_sysbios_knl_Queue_construct)
                  000050a4    00000004     --HOLE-- [fill = 0]
                  000050a8    0000002c     sysbios.aem4f : BIOS.obj (.text:ti_sysbios_knl_Task_restore__E)
                  000050d4    0000002c     ti.targets.arm.rtsarm.aem4f : Text.oem4f (.text:xdc_runtime_Text_cordText__E)
                  00005100    0000002a     driverlib.lib : gpio.obj (.text:GPIODirModeSet)
                  0000512a    0000002a     ti.targets.arm.rtsarm.aem4f : System.oem4f (.text:xdc_runtime_System_putchar__I)
                  00005154    00000004     --HOLE-- [fill = 0]
                  00005158    00000028     sysbios.aem4f : BIOS.obj (.text:ti_sysbios_knl_Clock_addI__E)
                  00005180    00000028                   : BIOS.obj (.text:ti_sysbios_knl_Swi_Module_startup__E)
                  000051a8    00000026                   : m3_Hwi_asm.obj (.text:ti_sysbios_family_arm_m3_Hwi_pendSV__I)
                  000051ce    00000026     ti.targets.arm.rtsarm.aem4f : System.oem4f (.text:xdc_runtime_System_avprintf__E)
                  000051f4    00000024     empty_min_pem4f.oem4f (.text:ti_sysbios_BIOS_errorRaiseHook__I)
                  00005218    00000024     empty_min_pem4f.oem4f (.text:ti_sysbios_BIOS_registerRTSLock__I)
                  0000523c    00000024     empty_min_pem4f.oem4f (.text:ti_sysbios_BIOS_removeRTSLock__I)
                  00005260    00000024     empty_min_pem4f.oem4f (.text:ti_sysbios_BIOS_startFunc__I)
                  00005284    00000024     empty_min_pem4f.oem4f (.text:ti_sysbios_gates_GateMutex_Object__delete__S)
                  000052a8    00000024     sysbios.aem4f : BIOS.obj (.text:ti_sysbios_knl_Clock_Module_startup__E)
                  000052cc    00000004     --HOLE-- [fill = 0]
                  000052d0    00000024                   : BIOS.obj (.text:ti_sysbios_knl_Semaphore_Instance_init__E)
                  000052f4    00000004     --HOLE-- [fill = 0]
                  000052f8    00000024                   : BIOS.obj (.text:ti_sysbios_knl_Task_restoreHwi__E)
                  0000531c    00000024     ti.targets.arm.rtsarm.aem4f : System.oem4f (.text:xdc_runtime_System_vprintf__E)
                  00005340    00000022     driverlib.lib : pwm.obj (.text:PWMGenConfigure)
                  00005362    00000006                   : gpio.obj (.text:GPIOPinRead)
                  00005368    00000022     sysbios.aem4f : BIOS.obj (.text:ti_sysbios_family_arm_lm4_Timer_write__I)
                  0000538a    00000022     empty_min_pem4f.oem4f (.text:xdc_runtime_SysMin_output__I)
                  000053ac    00000020     rtsv7M4_T_le_v4SPD16_eabi.lib : u_tofd_t2.obj (.text)
                  000053cc    00000020     main.obj (.text:start)
                  000053ec    00000020     empty_min_pem4f.oem4f (.text:ti_sysbios_BIOS_rtsLock__I)
                  0000540c    00000020     sysbios.aem4f : m3_Hwi_asm.obj (.text:ti_sysbios_family_arm_m3_Hwi_excHandlerAsm__I)
                  0000542c    00000004     --HOLE-- [fill = 0]
                  00005430    00000020                   : BIOS.obj (.text:ti_sysbios_family_arm_m3_Hwi_excHandler__I)
                  00005450    00000020     empty_min_pem4f.oem4f (.text:ti_sysbios_gates_GateHwi_Object__delete__S)
                  00005470    00000020     empty_min_pem4f.oem4f (.text:ti_sysbios_heaps_HeapMem_Object__delete__S)
                  00005490    00000020     sysbios.aem4f : BIOS.obj (.text:ti_sysbios_knl_Idle_run__E)
                  000054b0    00000020     empty_min_pem4f.oem4f (.text:ti_sysbios_knl_Semaphore_Object__destruct__S)
                  000054d0    00000020     ti.targets.arm.rtsarm.aem4f : Registry.oem4f (.text:xdc_runtime_Registry_findById__E)
                  000054f0    00000020                                 : SysMin.oem4f (.text:xdc_runtime_SysMin_Module_startup__E)
                  00005510    0000001e     driverlib.lib : adc.obj (.text:ADCSequenceDataGet)
                  0000552e    0000001e                   : pwm.obj (.text:PWMPulseWidthSet)
                  0000554c    0000001e     sysbios.aem4f : m3_Hwi_asm_switch.obj (.text:ti_sysbios_family_xxx_Hwi_switchAndRunFunc)
                  0000556a    00000002     --HOLE-- [fill = 0]
                  0000556c    0000001c     main.obj (.text:ADCSeq2IntHandler)
                  00005588    0000001c     main.obj (.text:ADCSeq3IntHandler)
                  000055a4    0000001c     driverlib.lib : uart.obj (.text:UARTDisable)
                  000055c0    0000001c     sysbios.aem4f : BIOS.obj (.text:ti_sysbios_gates_GateMutex_Instance_init__E)
                  000055dc    0000001c     empty_min_pem4f.oem4f (.text:ti_sysbios_knl_Queue_Object__destruct__S)
                  000055f8    0000001c     sysbios.aem4f : BIOS.obj (.text:ti_sysbios_knl_Queue_put__E)
                  00005614    00000004     --HOLE-- [fill = 0]
                  00005618    0000001c                   : BIOS.obj (.text:ti_sysbios_knl_Task_enter__I)
                  00005634    0000001c     ti.targets.arm.rtsarm.aem4f : Error.oem4f (.text:xdc_runtime_Error_raiseX__E)
                  00005650    0000001c                                 : Memory.oem4f (.text:xdc_runtime_Memory_valloc__E)
                  0000566c    0000001c                                 : SysMin.oem4f (.text:xdc_runtime_SysMin_exit__E)
                  00005688    0000001c                                 : System.oem4f (.text:xdc_runtime_System_abort__E)
                  000056a4    0000001a     empty_min_pem4f.oem4f (.text:ti_sysbios_family_arm_m3_Hwi_Handle__label__S)
                  000056be    0000001a     empty_min_pem4f.oem4f (.text:ti_sysbios_gates_GateHwi_Handle__label__S)
                  000056d8    0000001a     empty_min_pem4f.oem4f (.text:ti_sysbios_gates_GateMutex_Handle__label__S)
                  000056f2    0000001a     empty_min_pem4f.oem4f (.text:ti_sysbios_heaps_HeapMem_Handle__label__S)
                  0000570c    0000001a     empty_min_pem4f.oem4f (.text:ti_sysbios_knl_Swi_Handle__label__S)
                  00005726    0000001a     empty_min_pem4f.oem4f (.text:ti_sysbios_knl_Task_Handle__label__S)
                  00005740    0000001a     empty_min_pem4f.oem4f (.text:xdc_runtime_System_aprintf__E)
                  0000575a    0000001a     empty_min_pem4f.oem4f (.text:xdc_runtime_System_printf__E)
                  00005774    00000018     driverlib.lib : adc.obj (.text:ADCProcessorTrigger)
                  0000578c    00000018                   : gpio.obj (.text:GPIOPinTypeGPIOOutput)
                  000057a4    00000018     rtsv7M4_T_le_v4SPD16_eabi.lib : args_main.obj (.text)
                  000057bc    00000018                                   : strcmp.obj (.text)
                  000057d4    00000018     empty_min_pem4f.oem4f (.text:ti_sysbios_BIOS_rtsUnlock__I)
                  000057ec    00000018     empty_min_pem4f.oem4f (.text:ti_sysbios_family_arm_lm4_Timer_Module__startupDone__F)
                  00005804    00000018     empty_min_pem4f.oem4f (.text:ti_sysbios_family_arm_m3_Hwi_Module__startupDone__F)
                  0000581c    00000018     sysbios.aem4f : m3_TaskSupport_asm.obj (.text:ti_sysbios_family_arm_m3_TaskSupport_swap__E)
                  00005834    00000004     --HOLE-- [fill = 0]
                  00005838    00000018                   : BIOS.obj (.text:ti_sysbios_gates_GateMutex_leave__E)
                  00005850    00000018     ti.targets.arm.rtsarm.aem4f : Error.oem4f (.text:xdc_runtime_Error_check__E)
                  00005868    00000018                                 : System.oem4f (.text:xdc_runtime_System_exit__E)
                  00005880    00000018                                 : Text.oem4f (.text:xdc_runtime_Text_ropeText__E)
                  00005898    00000016     empty_min_pem4f.oem4f (.text:ti_sysbios_BIOS_exitFunc__I)
                  000058ae    00000002     --HOLE-- [fill = 0]
                  000058b0    00000016     sysbios.aem4f : BIOS.obj (.text:ti_sysbios_knl_Task_unblock__E)
                  000058c6    00000002     --HOLE-- [fill = 0]
                  000058c8    00000014     driverlib.lib : sysctl.obj (.text:SysCtlPWMClockSet)
                  000058dc    00000014                   : timer.obj (.text:TimerDisable)
                  000058f0    00000014                   : uart.obj (.text:UARTEnable)
                  00005904    00000014     rtsv7M4_T_le_v4SPD16_eabi.lib : _lock.obj (.text)
                  00005918    00000014                                   : strcpy.obj (.text)
                  0000592c    00000014                                   : strlen.obj (.text)
                  00005940    00000014     empty_min_pem4f.oem4f (.text:ti_sysbios_family_arm_m3_Hwi_Object__get__S)
                  00005954    00000004     --HOLE-- [fill = 0]
                  00005958    00000014     sysbios.aem4f : BIOS.obj (.text:ti_sysbios_family_arm_m3_Hwi_switchFromBootStack__E)
                  0000596c    00000014     empty_min_pem4f.oem4f (.text:ti_sysbios_heaps_HeapMem_Object__get__S)
                  00005980    00000014     empty_min_pem4f.oem4f (.text:ti_sysbios_knl_Swi_Object__get__S)
                  00005994    00000012     driverlib.lib : gpio.obj (.text:GPIOPinTypeADC)
                  000059a6    00000012                   : gpio.obj (.text:GPIOPinTypeGPIOInput)
                  000059b8    00000012                   : gpio.obj (.text:GPIOPinTypePWM)
                  000059ca    00000012                   : gpio.obj (.text:GPIOPinTypeUART)
                  000059dc    00000012                   : pwm.obj (.text:PWMOutputState)
                  000059ee    00000012                   : timer.obj (.text:TimerLoadSet)
                  00005a00    00000012     sysbios.aem4f : BIOS.obj (.text:ti_sysbios_hal_Hwi_Module_startup__E)
                  00005a12    00000012     empty_min_pem4f.oem4f (.text:xdc_runtime_Startup_exec__I)
                  00005a24    00000010     driverlib.lib : adc.obj (.text:ADCIntEnable)
                  00005a34    00000010                   : fpu.obj (.text:FPUEnable)
                  00005a44    00000010                   : fpu.obj (.text:FPULazyStackingEnable)
                  00005a54    00000010                   : interrupt.obj (.text:IntMasterDisable)
                  00005a64    00000010                   : interrupt.obj (.text:IntMasterEnable)
                  00005a74    00000010                   : pwm.obj (.text:PWMGenPeriodSet)
                  00005a84    00000004     --HOLE-- [fill = 0]
                  00005a88    00000010     sysbios.aem4f : BIOS.obj (.text:ti_sysbios_BIOS_exit__E)
                  00005a98    00000010                   : BIOS.obj (.text:ti_sysbios_BIOS_setThreadType__E)
                  00005aa8    00000010                   : BIOS.obj (.text:ti_sysbios_BIOS_start__E)
                  00005ab8    00000010                   : m3_TaskSupport_asm.obj (.text:ti_sysbios_family_arm_m3_TaskSupport_glue)
                  00005ac8    00000010                   : BIOS.obj (.text:ti_sysbios_gates_GateMutex_Instance_finalize__E)
                  00005ad8    00000010                   : BIOS.obj (.text:ti_sysbios_knl_Semaphore_Instance_finalize__E)
                  00005ae8    00000010                   : BIOS.obj (.text:ti_sysbios_knl_Swi_disable__E)
                  00005af8    00000010     empty_min_pem4f.oem4f (.text:ti_sysbios_knl_Task_Object__get__S)
                  00005b08    00000010     sysbios.aem4f : BIOS.obj (.text:ti_sysbios_knl_Task_disable__E)
                  00005b18    00000010     ti.targets.arm.rtsarm.aem4f : Gate.oem4f (.text:xdc_runtime_Gate_leaveSystem__E)
                  00005b28    00000010                                 : Memory.oem4f (.text:xdc_runtime_Memory_free__E)
                  00005b38    00000010                                 : SysMin.oem4f (.text:xdc_runtime_SysMin_ready__E)
                  00005b48    00000010                                 : System.oem4f (.text:xdc_runtime_System_vsnprintf__E)
                  00005b58    00000010     empty_min_pem4f.oem4f (.text:xdc_runtime_Text_visitRope__I)
                  00005b68    0000000e     driverlib.lib : adc.obj (.text:ADCSequenceDisable)
                  00005b76    0000000e                   : adc.obj (.text:ADCSequenceEnable)
                  00005b84    0000000e                   : timer.obj (.text:TimerEnable)
                  00005b92    0000000e                   : uart.obj (.text:UARTCharGetNonBlocking)
                  00005ba0    0000000e                   : uart.obj (.text:UARTCharPutNonBlocking)
                  00005bae    0000000e     rtsv7M4_T_le_v4SPD16_eabi.lib : copy_decompress_none.obj (.text:decompress:none)
                  00005bbc    00000004     --HOLE-- [fill = 0]
                  00005bc0    0000000e     sysbios.aem4f : BIOS.obj (.text:ti_sysbios_knl_Queue_empty__E)
                  00005bce    00000002     --HOLE-- [fill = 0]
                  00005bd0    0000000c     empty_min_pem4f.oem4f (.text:.bootCodeSection:ti_catalog_arm_cortexm4_tiva_ce_Boot_init__I)
                  00005bdc    0000000c     driverlib.lib : cpu.obj (.text:CPUcpsid)
                  00005be8    0000000c                   : cpu.obj (.text:CPUcpsie)
                  00005bf4    0000000c                   : pwm.obj (.text:PWMGenEnable)
                  00005c00    0000000c                   : uart.obj (.text:UARTCharsAvail)
                  00005c0c    0000000c     rtsv7M4_T_le_v4SPD16_eabi.lib : copy_zero_init.obj (.text:decompress:ZI)
                  00005c18    0000000c     sysbios.aem4f : BIOS.obj (.text:ti_sysbios_family_arm_lm4_Timer_getMaxTicks__E)
                  00005c24    00000004     --HOLE-- [fill = 0]
                  00005c28    0000000c                   : BIOS.obj (.text:ti_sysbios_gates_GateHwi_enter__E)
                  00005c34    0000000c     empty_min_pem4f.oem4f (.text:ti_sysbios_knl_Queue_Object__get__S)
                  00005c40    0000000c     ti.targets.arm.rtsarm.aem4f : Error.oem4f (.text:xdc_runtime_Error_init__E)
                  00005c4c    0000000c                                 : Gate.oem4f (.text:xdc_runtime_Gate_enterSystem__E)
                  00005c58    0000000c                                 : Memory.oem4f (.text:xdc_runtime_Memory_calloc__E)
                  00005c64    0000000c                                 : Memory.oem4f (.text:xdc_runtime_Memory_getMaxDefaultTypeAlign__E)
                  00005c70    0000000a     driverlib.lib : adc.obj (.text:ADCIntClear)
                  00005c7a    0000000a                   : timer.obj (.text:TimerIntDisable)
                  00005c84    0000000a                   : timer.obj (.text:TimerValueGet)
                  00005c8e    0000000a                   : uart.obj (.text:UARTCharPut)
                  00005c98    0000000a                   : uart.obj (.text:UARTIntStatus)
                  00005ca2    0000000a     empty_min_pem4f.oem4f (.text:xdc_runtime_IHeap_alloc)
                  00005cac    0000000a     empty_min_pem4f.oem4f (.text:xdc_runtime_IHeap_free)
                  00005cb6    00000008     driverlib.lib : timer.obj (.text:TimerIntEnable)
                  00005cbe    00000008                   : uart.obj (.text:UARTIntEnable)
                  00005cc6    00000008     sysbios.aem4f : BIOS.obj (.text:ti_sysbios_family_arm_lm4_Timer_masterDisable__I)
                  00005cce    00000002     --HOLE-- [fill = 0]
                  00005cd0    00000008                   : BIOS.obj (.text:ti_sysbios_family_arm_m3_Hwi_doSwiRestore__I)
                  00005cd8    00000008                   : BIOS.obj (.text:ti_sysbios_family_arm_m3_Hwi_startup__E)
                  00005ce0    00000006     driverlib.lib : gpio.obj (.text:GPIOPinWrite)
                  00005ce6    00000006                   : sysctl.obj (.text:SysCtlDelay)
                  00005cec    00000006     ti.targets.arm.rtsarm.aem4f : xdc_noinit.oem4f (.text:__xdc__init)
                  00005cf2    00000006     rtsv7M4_T_le_v4SPD16_eabi.lib : copy_decompress_rle.obj (.text:decompress:rle24)
                  00005cf8    00000006     Boot.aem4f : Boot_sysctl.oem4f (.text:ti_catalog_arm_cortexm4_tiva_ce_Boot_sysCtlDelayI__I)
                  00005cfe    00000002     --HOLE-- [fill = 0]
                  00005d00    00000006     sysbios.aem4f : BIOS.obj (.text:ti_sysbios_family_arm_m3_Hwi_doTaskRestore__I)
                  00005d06    00000002     --HOLE-- [fill = 0]
                  00005d08    00000006                   : BIOS.obj (.text:ti_sysbios_gates_GateHwi_leave__E)
                  00005d0e    00000002     --HOLE-- [fill = 0]
                  00005d10    00000006                   : BIOS.obj (.text:ti_sysbios_heaps_HeapMem_isBlocking__E)
                  00005d16    00000002     --HOLE-- [fill = 0]
                  00005d18    00000006                   : BIOS.obj (.text:ti_sysbios_knl_Queue_Instance_init__E)
                  00005d1e    00000002     --HOLE-- [fill = 0]
                  00005d20    00000006                   : BIOS.obj (.text:ti_sysbios_knl_Swi_startup__E)
                  00005d26    00000006     ti.targets.arm.rtsarm.aem4f : System.oem4f (.text:xdc_runtime_System_Module_startup__E)
                  00005d2c    00000004     --HOLE-- [fill = 0]
                  00005d30    00000004     sysbios.aem4f : BIOS.obj (.text:ti_sysbios_gates_GateHwi_query__E)
                  00005d34    00000004     --HOLE-- [fill = 0]
                  00005d38    00000004                   : BIOS.obj (.text:ti_sysbios_gates_GateMutex_query__E)
                  00005d3c    00000004     --HOLE-- [fill = 0]
                  00005d40    00000004                   : BIOS.obj (.text:ti_sysbios_knl_Task_startup__E)
                  00005d44    00000004     --HOLE-- [fill = 0]
                  00005d48    00000002                   : BIOS.obj (.text:ti_sysbios_gates_GateHwi_Instance_init__E)
                  00005d4a    00000006     --HOLE-- [fill = 0]
                  00005d50    00000002                   : BIOS.obj (.text:ti_sysbios_knl_Clock_logTick__E)

.const     0    00005d54    00001fb6     
                  00005d54    0000197f     empty_min_pem4f.oem4f (.const:xdc_runtime_Text_charTab__A)
                  000076d3    00000001     empty_min_pem4f.oem4f (.const:xdc_runtime_Error_policy__C)
                  000076d4    000000bc     empty_min_pem4f.oem4f (.const:xdc_runtime_Text_nodeTab__A)
                  00007790    00000090     driverlib.lib : gpio.obj (.const:g_pui32GPIOBaseAddrs)
                  00007820    00000070                   : interrupt.obj (.const)
                  00007890    0000006c                   : sysctl.obj (.const:g_pui32Xtals)
                  000078fc    0000004c     empty_min_pem4f.oem4f (.const)
                  00007948    00000048     empty_min_pem4f.oem4f (.const:.string)
                  00007990    00000028     empty_min_pem4f.oem4f (.const:ti_sysbios_heaps_HeapMem_Module__FXNS__C)
                  000079b8    00000024     empty_min_pem4f.oem4f (.const:ti_sysbios_gates_GateHwi_Module__FXNS__C)
                  000079dc    00000024     empty_min_pem4f.oem4f (.const:ti_sysbios_gates_GateMutex_Module__FXNS__C)
                  00007a00    00000024     empty_min_pem4f.oem4f (.const:ti_sysbios_heaps_HeapMem_Object__PARAMS__C)
                  00007a24    00000024     empty_min_pem4f.oem4f (.const:ti_sysbios_knl_Semaphore_Object__PARAMS__C)
                  00007a48    00000022     main.obj (.const:.string:$P$T0$1)
                  00007a6a    00000002     empty_min_pem4f.oem4f (.const:ti_catalog_arm_cortexm4_tiva_ce_Boot_Module__id__C)
                  00007a6c    00000020     empty_min_pem4f.oem4f (.const:ti_sysbios_gates_GateHwi_Object__DESC__C)
                  00007a8c    00000020     empty_min_pem4f.oem4f (.const:ti_sysbios_gates_GateMutex_Object__DESC__C)
                  00007aac    00000020     empty_min_pem4f.oem4f (.const:ti_sysbios_heaps_HeapMem_Object__DESC__C)
                  00007acc    00000020     empty_min_pem4f.oem4f (.const:ti_sysbios_knl_Queue_Object__DESC__C)
                  00007aec    00000020     empty_min_pem4f.oem4f (.const:ti_sysbios_knl_Semaphore_Object__DESC__C)
                  00007b0c    00000020     empty_min_pem4f.oem4f (.const:xdc_runtime_Startup_sfxnTab__A)
                  00007b2c    0000001c     main.obj (.const:.string)
                  00007b48    00000018     empty_min_pem4f.oem4f (.const:ti_sysbios_gates_GateHwi_Object__PARAMS__C)
                  00007b60    00000018     empty_min_pem4f.oem4f (.const:ti_sysbios_gates_GateMutex_Object__PARAMS__C)
                  00007b78    00000018     empty_min_pem4f.oem4f (.const:ti_sysbios_knl_Queue_Object__PARAMS__C)
                  00007b90    00000014     empty_min_pem4f.oem4f (.const:xdc_runtime_Startup_firstFxns__A)
                  00007ba4    00000010     empty_min_pem4f.oem4f (.const:xdc_runtime_Startup_sfxnRts__A)
                  00007bb4    00000008     main.obj (.const)
                  00007bbc    00000008     empty_min_pem4f.oem4f (.const:ti_sysbios_family_arm_m3_Hwi_excHookFuncs__A)
                  00007bc4    00000008     empty_min_pem4f.oem4f (.const:ti_sysbios_knl_Idle_funcList__C)
                  00007bcc    00000008     empty_min_pem4f.oem4f (.const:xdc_runtime_Startup_firstFxns__C)
                  00007bd4    00000008     empty_min_pem4f.oem4f (.const:xdc_runtime_Startup_lastFxns__C)
                  00007bdc    00000004     empty_min_pem4f.oem4f (.const:ti_catalog_arm_cortexm4_tiva_ce_Boot_A_mustUseEnhancedClockMode__C)
                  00007be0    00000004     empty_min_pem4f.oem4f (.const:ti_catalog_arm_cortexm4_tiva_ce_Boot_Module__diagsEnabled__C)
                  00007be4    00000004     empty_min_pem4f.oem4f (.const:ti_catalog_arm_cortexm4_tiva_ce_Boot_Module__diagsIncluded__C)
                  00007be8    00000004     empty_min_pem4f.oem4f (.const:ti_catalog_arm_cortexm4_tiva_ce_Boot_Module__diagsMask__C)
                  00007bec    00000004     empty_min_pem4f.oem4f (.const:ti_sysbios_family_arm_lm4_Timer_enableFunc__C)
                  00007bf0    00000004     empty_min_pem4f.oem4f (.const:ti_sysbios_family_arm_lm4_Timer_numTimerDevices__C)
                  00007bf4    00000004     empty_min_pem4f.oem4f (.const:ti_sysbios_family_arm_lm4_Timer_startupNeeded__C)
                  00007bf8    00000004     empty_min_pem4f.oem4f (.const:ti_sysbios_family_arm_m3_Hwi_E_NMI__C)
                  00007bfc    00000004     empty_min_pem4f.oem4f (.const:ti_sysbios_family_arm_m3_Hwi_E_busFault__C)
                  00007c00    00000004     empty_min_pem4f.oem4f (.const:ti_sysbios_family_arm_m3_Hwi_E_debugMon__C)
                  00007c04    00000004     empty_min_pem4f.oem4f (.const:ti_sysbios_family_arm_m3_Hwi_E_hardFault__C)
                  00007c08    00000004     empty_min_pem4f.oem4f (.const:ti_sysbios_family_arm_m3_Hwi_E_memFault__C)
                  00007c0c    00000004     empty_min_pem4f.oem4f (.const:ti_sysbios_family_arm_m3_Hwi_E_noIsr__C)
                  00007c10    00000004     empty_min_pem4f.oem4f (.const:ti_sysbios_family_arm_m3_Hwi_E_reserved__C)
                  00007c14    00000004     empty_min_pem4f.oem4f (.const:ti_sysbios_family_arm_m3_Hwi_E_svCall__C)
                  00007c18    00000004     empty_min_pem4f.oem4f (.const:ti_sysbios_family_arm_m3_Hwi_E_usageFault__C)
                  00007c1c    00000004     empty_min_pem4f.oem4f (.const:ti_sysbios_family_arm_m3_Hwi_NUM_INTERRUPTS__C)
                  00007c20    00000004     empty_min_pem4f.oem4f (.const:ti_sysbios_family_arm_m3_Hwi_Object__count__C)
                  00007c24    00000004     empty_min_pem4f.oem4f (.const:ti_sysbios_family_arm_m3_Hwi_ccr__C)
                  00007c28    00000004     empty_min_pem4f.oem4f (.const:ti_sysbios_family_arm_m3_Hwi_excHandlerFunc__C)
                  00007c2c    00000004     empty_min_pem4f.oem4f (.const:ti_sysbios_family_arm_m3_Hwi_excHookFuncs__C)
                  00007c30    00000004     empty_min_pem4f.oem4f (.const:ti_sysbios_family_arm_m3_Hwi_nullIsrFunc__C)
                  00007c34    00000004     empty_min_pem4f.oem4f (.const:ti_sysbios_family_arm_m3_Hwi_priGroup__C)
                  00007c38    00000004     empty_min_pem4f.oem4f (.const:ti_sysbios_gates_GateMutex_Instance_State_sem__O)
                  00007c3c    00000004     empty_min_pem4f.oem4f (.const:ti_sysbios_heaps_HeapMem_E_memory__C)
                  00007c40    00000004     empty_min_pem4f.oem4f (.const:ti_sysbios_heaps_HeapMem_Module__gateObj__C)
                  00007c44    00000004     empty_min_pem4f.oem4f (.const:ti_sysbios_heaps_HeapMem_Object__count__C)
                  00007c48    00000004     empty_min_pem4f.oem4f (.const:ti_sysbios_heaps_HeapMem_reqAlign__C)
                  00007c4c    00000004     empty_min_pem4f.oem4f (.const:ti_sysbios_knl_Clock_Module_State_clockQ__O)
                  00007c50    00000004     empty_min_pem4f.oem4f (.const:ti_sysbios_knl_Semaphore_Instance_State_pendQ__O)
                  00007c54    00000004     empty_min_pem4f.oem4f (.const:ti_sysbios_knl_Swi_Object__count__C)
                  00007c58    00000004     empty_min_pem4f.oem4f (.const:ti_sysbios_knl_Task_Module_State_inactiveQ__O)
                  00007c5c    00000004     empty_min_pem4f.oem4f (.const:ti_sysbios_knl_Task_Object__count__C)
                  00007c60    00000004     empty_min_pem4f.oem4f (.const:ti_sysbios_knl_Task_allBlockedFunc__C)
                  00007c64    00000004     empty_min_pem4f.oem4f (.const:ti_sysbios_knl_Task_numConstructedTasks__C)
                  00007c68    00000004     empty_min_pem4f.oem4f (.const:xdc_runtime_Assert_E_assertFailed__C)
                  00007c6c    00000004     empty_min_pem4f.oem4f (.const:xdc_runtime_Core_A_initializedParams__C)
                  00007c70    00000004     empty_min_pem4f.oem4f (.const:xdc_runtime_Core_Module__diagsEnabled__C)
                  00007c74    00000004     empty_min_pem4f.oem4f (.const:xdc_runtime_Core_Module__diagsIncluded__C)
                  00007c78    00000004     empty_min_pem4f.oem4f (.const:xdc_runtime_Core_Module__diagsMask__C)
                  00007c7c    00000004     empty_min_pem4f.oem4f (.const:xdc_runtime_Error_E_memory__C)
                  00007c80    00000004     empty_min_pem4f.oem4f (.const:xdc_runtime_Error_Module__diagsEnabled__C)
                  00007c84    00000004     empty_min_pem4f.oem4f (.const:xdc_runtime_Error_Module__diagsIncluded__C)
                  00007c88    00000004     empty_min_pem4f.oem4f (.const:xdc_runtime_Error_Module__diagsMask__C)
                  00007c8c    00000004     empty_min_pem4f.oem4f (.const:xdc_runtime_Error_Module__loggerFxn8__C)
                  00007c90    00000004     empty_min_pem4f.oem4f (.const:xdc_runtime_Error_Module__loggerObj__C)
                  00007c94    00000004     empty_min_pem4f.oem4f (.const:xdc_runtime_Error_policyFxn__C)
                  00007c98    00000004     empty_min_pem4f.oem4f (.const:xdc_runtime_Error_raiseHook__C)
                  00007c9c    00000004     empty_min_pem4f.oem4f (.const:xdc_runtime_IGateProvider_Interface__BASE__C)
                  00007ca0    00000004     empty_min_pem4f.oem4f (.const:xdc_runtime_IHeap_Interface__BASE__C)
                  00007ca4    00000004     empty_min_pem4f.oem4f (.const:xdc_runtime_IModule_Interface__BASE__C)
                  00007ca8    00000004     empty_min_pem4f.oem4f (.const:xdc_runtime_Log_L_error__C)
                  00007cac    00000004     empty_min_pem4f.oem4f (.const:xdc_runtime_Memory_defaultHeapInstance__C)
                  00007cb0    00000004     empty_min_pem4f.oem4f (.const:xdc_runtime_Startup_execImpl__C)
                  00007cb4    00000004     empty_min_pem4f.oem4f (.const:xdc_runtime_Startup_maxPasses__C)
                  00007cb8    00000004     empty_min_pem4f.oem4f (.const:xdc_runtime_Startup_sfxnRts__C)
                  00007cbc    00000004     empty_min_pem4f.oem4f (.const:xdc_runtime_Startup_sfxnTab__C)
                  00007cc0    00000004     empty_min_pem4f.oem4f (.const:xdc_runtime_SysMin_bufSize__C)
                  00007cc4    00000004     empty_min_pem4f.oem4f (.const:xdc_runtime_SysMin_outputFunc__C)
                  00007cc8    00000004     empty_min_pem4f.oem4f (.const:xdc_runtime_System_Module__gateObj__C)
                  00007ccc    00000004     empty_min_pem4f.oem4f (.const:xdc_runtime_System_abortFxn__C)
                  00007cd0    00000004     empty_min_pem4f.oem4f (.const:xdc_runtime_System_exitFxn__C)
                  00007cd4    00000004     empty_min_pem4f.oem4f (.const:xdc_runtime_System_extendFxn__C)
                  00007cd8    00000004     empty_min_pem4f.oem4f (.const:xdc_runtime_System_maxAtexitHandlers__C)
                  00007cdc    00000004     empty_min_pem4f.oem4f (.const:xdc_runtime_Text_charTab__C)
                  00007ce0    00000004     empty_min_pem4f.oem4f (.const:xdc_runtime_Text_nameEmpty__C)
                  00007ce4    00000004     empty_min_pem4f.oem4f (.const:xdc_runtime_Text_nameStatic__C)
                  00007ce8    00000004     empty_min_pem4f.oem4f (.const:xdc_runtime_Text_nameUnknown__C)
                  00007cec    00000004     empty_min_pem4f.oem4f (.const:xdc_runtime_Text_nodeTab__C)
                  00007cf0    00000004     empty_min_pem4f.oem4f (.const:xdc_runtime_Text_visitRopeFxn__C)
                  00007cf4    00000002     empty_min_pem4f.oem4f (.const:ti_sysbios_family_arm_m3_Hwi_Module__id__C)
                  00007cf6    00000002     empty_min_pem4f.oem4f (.const:ti_sysbios_heaps_HeapMem_Module__id__C)
                  00007cf8    00000002     empty_min_pem4f.oem4f (.const:xdc_runtime_Core_Module__id__C)
                  00007cfa    00000002     empty_min_pem4f.oem4f (.const:xdc_runtime_Error_Module__loggerDefined__C)
                  00007cfc    00000002     empty_min_pem4f.oem4f (.const:xdc_runtime_Error_maxDepth__C)
                  00007cfe    00000002     empty_min_pem4f.oem4f (.const:xdc_runtime_Memory_Module__id__C)
                  00007d00    00000002     empty_min_pem4f.oem4f (.const:xdc_runtime_SysMin_flushAtExit__C)
                  00007d02    00000002     empty_min_pem4f.oem4f (.const:xdc_runtime_Text_charCnt__C)
                  00007d04    00000002     empty_min_pem4f.oem4f (.const:xdc_runtime_Text_isLoaded__C)
                  00007d06    00000002     empty_min_pem4f.oem4f (.const:xdc_runtime_Text_registryModsLastId__C)
                  00007d08    00000002     empty_min_pem4f.oem4f (.const:xdc_runtime_Text_unnamedModsLastId__C)

.cinit     0    00007d10    00000540     
                  00007d10    00000508     (.cinit..data.load) [load image, compression = rle]
                  00008218    0000000c     (__TI_handler_table)
                  00008224    00000004     --HOLE-- [fill = 0]
                  00008228    00000008     (.cinit..bss.load) [load image, compression = zero_init]
                  00008230    00000008     (.cinit..vecs.load) [load image, compression = zero_init]
                  00008238    00000018     (__TI_cinit_table)

.init_array 
*          0    00000000    00000000     UNINITIALIZED

.resetVecs 
*          0    00000000    0000003c     
                  00000000    0000003c     empty_min_pem4f.oem4f (.resetVecs)

.vecs      0    20000000    00000360     UNINITIALIZED
                  20000000    00000360     empty_min_pem4f.oem4f (.vecs)

.bss       0    20000360    00002b54     UNINITIALIZED
                  20000360    00002200     empty_min_pem4f.oem4f (.bss:taskStackSection)
                  20002560    00000400     empty_min_pem4f.oem4f (.bss:ti_sysbios_heaps_HeapMem_Instance_State_0_buf__A)
                  20002960    00000360     empty_min_pem4f.oem4f (.bss:ti_sysbios_family_arm_m3_Hwi_dispatchTable)
                  20002cc0    00000120     rtsv7M4_T_le_v4SPD16_eabi.lib : trgmsg.obj (.bss:__CIOBUF_)
                  20002de0    00000080     empty_min_pem4f.oem4f (.bss:xdc_runtime_SysMin_Module_State_0_outbuf__A)
                  20002e60    00000028     main.obj (.bss:PingPongBuf)
                  20002e88    00000008     (.common:parmbuf)
                  20002e90    00000004     (.common:ADCAvVal)
                  20002e94    00000004     (.common:ADCAvVal2)
                  20002e98    00000004     (.common:front_distance)
                  20002e9c    00000004     (.common:input_cmd)
                  20002ea0    00000004     (.common:right_distance)
                  20002ea4    00000004     (.common:ui32Load)
                  20002ea8    00000004     (.common:ui32PWMClock)
                  20002eac    00000004     (.common:volts1)
                  20002eb0    00000004     (.common:volts2)

.data      0    20002eb4    0000075c     UNINITIALIZED
                  20002eb4    000001c8     empty_min_pem4f.oem4f (.data:ti_sysbios_knl_Task_Object__table__V)
                  2000307c    00000104     empty_min_pem4f.oem4f (.data)
                  20003180    00000090     empty_min_pem4f.oem4f (.data:ti_sysbios_family_arm_m3_Hwi_Object__table__V)
                  20003210    0000008c     empty_min_pem4f.oem4f (.data:ti_sysbios_knl_Semaphore_Object__table__V)
                  2000329c    00000080     empty_min_pem4f.oem4f (.data:ti_sysbios_knl_Swi_Module_State_0_readyQ__A)
                  2000331c    00000080     empty_min_pem4f.oem4f (.data:ti_sysbios_knl_Task_Module_State_0_readyQ__A)
                  2000339c    00000068     main.obj (.data)
                  20003404    00000060     empty_min_pem4f.oem4f (.data:ti_sysbios_knl_Swi_Object__table__V)
                  20003464    00000044     empty_min_pem4f.oem4f (.data:ti_sysbios_knl_Task_Module__state__V)
                  200034a8    00000040     empty_min_pem4f.oem4f (.data:ti_sysbios_family_arm_lm4_Timer_Object__table__V)
                  200034e8    00000038     empty_min_pem4f.oem4f (.data:ti_sysbios_gates_GateMutex_Object__table__V)
                  20003520    00000034     empty_min_pem4f.oem4f (.data:ti_sysbios_family_arm_m3_Hwi_Module__state__V)
                  20003554    00000030     empty_min_pem4f.oem4f (.data:ti_sysbios_family_arm_lm4_Timer_Module_State_0_device__A)
                  20003584    0000002c     empty_min_pem4f.oem4f (.data:ti_sysbios_knl_Clock_Module__state__V)
                  200035b0    00000028     empty_min_pem4f.oem4f (.data:ti_sysbios_hal_Hwi_Object__table__V)
                  200035d8    00000024     empty_min_pem4f.oem4f (.data:ti_sysbios_BIOS_Module__state__V)
                  200035fc    00000008     rtsv7M4_T_le_v4SPD16_eabi.lib : _lock.obj (.data)
                  20003604    00000008                                   : exit.obj (.data)
                  2000360c    00000004                                   : stkdepth_vars.obj (.data)

.stack     0    20003610    00000300     UNINITIALIZED
                  20003610    00000300     --HOLE--

.bootVecs 
*          0    00000000    00000008     DSECT
                  00000000    00000008     boot.aem4f : boot.oem4f (.bootVecs)

xdc.meta   0    00000000    000000d5     COPY SECTION
                  00000000    000000d5     empty_min_pem4f.oem4f (xdc.meta)

.TI.noinit 
*          0    20000360    00000000     UNINITIALIZED

.TI.persistent 
*          0    20002eb4    00000000     UNINITIALIZED


LINKER GENERATED COPY TABLES

__TI_cinit_table @ 00008238 records: 3, size/record: 8, table size: 24
	.data: load addr=00007d10, load size=00000508 bytes, run addr=20002eb4, run size=0000075c bytes, compression=rle
	.bss: load addr=00008228, load size=00000008 bytes, run addr=20000360, run size=00002b54 bytes, compression=zero_init
	.vecs: load addr=00008230, load size=00000008 bytes, run addr=20000000, run size=00000360 bytes, compression=zero_init


LINKER GENERATED HANDLER TABLE

__TI_handler_table @ 00008218 records: 3, size/record: 4, table size: 12
	index: 0, handler: __TI_decompress_rle24
	index: 1, handler: __TI_decompress_none
	index: 2, handler: __TI_zero_init


GLOBAL SYMBOLS: SORTED ALPHABETICALLY BY Name 

address   name                                                              
-------   ----                                                              
20002e90  ADCAvVal                                                          
20002e94  ADCAvVal2                                                         
00005c71  ADCIntClear                                                       
00005a25  ADCIntEnable                                                      
00005775  ADCProcessorTrigger                                               
0000556d  ADCSeq2IntHandler                                                 
00007914  ADCSeq2Interrupt                                                  
00005589  ADCSeq3IntHandler                                                 
00007910  ADCSeq3Interrupt                                                  
000049e1  ADCSequenceConfigure                                              
00005511  ADCSequenceDataGet                                                
00005b69  ADCSequenceDisable                                                
00005b77  ADCSequenceEnable                                                 
00003555  ADCSequenceStepConfigure                                          
00002d35  ADC_init                                                          
00002999  AssembleFrame                                                     
00004671  C$$EXIT                                                           
00003b8f  C$$IO$$                                                           
00005bdd  CPUcpsid                                                          
00005be9  CPUcpsie                                                          
00005a35  FPUEnable                                                         
00005a45  FPULazyStackingEnable                                             
00005101  GPIODirModeSet                                                    
00001adf  GPIOPadConfigSet                                                  
00004475  GPIOPinConfigure                                                  
00005363  GPIOPinRead                                                       
00005995  GPIOPinTypeADC                                                    
000059a7  GPIOPinTypeGPIOInput                                              
0000578d  GPIOPinTypeGPIOOutput                                             
000059b9  GPIOPinTypePWM                                                    
000059cb  GPIOPinTypeUART                                                   
00005ce1  GPIOPinWrite                                                      
00000a49  HOSTclock                                                         
00000a11  HOSTclose                                                         
000009d3  HOSTgetenv                                                        
00000977  HOSTlseek                                                         
00000925  HOSTopen                                                          
000008d9  HOSTread                                                          
0000087b  HOSTrename                                                        
00000841  HOSTtime                                                          
00000809  HOSTunlink                                                        
000007bd  HOSTwrite                                                         
00003a29  IntEnable                                                         
00005a55  IntMasterDisable                                                  
00005a65  IntMasterEnable                                                   
200033d0  Kd                                                                
200033cc  Ki                                                                
200033c8  Kp                                                                
200033e4  NumOfLinesCount                                                   
00005341  PWMGenConfigure                                                   
00005bf5  PWMGenEnable                                                      
00005a75  PWMGenPeriodSet                                                   
000059dd  PWMOutputState                                                    
0000552f  PWMPulseWidthSet                                                  
00001739  PWM_init                                                          
20002e60  PingPongBuf                                                       
000041a9  ReflectSensorTimerInit                                            
UNDEFED   SHT$$INIT_ARRAY$$Base                                             
UNDEFED   SHT$$INIT_ARRAY$$Limit                                            
00004c69  SendFrameUART                                                     
00002dd9  StorePIDErrorTask                                                 
00007940  StorePIDError_task                                                
00001d29  SysCtlClockGet                                                    
00002711  SysCtlClockSet                                                    
00005ce7  SysCtlDelay                                                       
000058c9  SysCtlPWMClockSet                                                 
00004c9d  SysCtlPeripheralEnable                                            
00004add  SysCtlPeripheralReady                                             
00003c31  Timer1AIntHandler                                                 
000078fc  Timer1AInterrupt                                                  
000040a9  Timer1A_init                                                      
00003d65  TimerConfigure                                                    
000058dd  TimerDisable                                                      
00005b85  TimerEnable                                                       
000011bd  TimerIntClear                                                     
00005c7b  TimerIntDisable                                                   
00005cb7  TimerIntEnable                                                    
000059ef  TimerLoadSet                                                      
00005c85  TimerValueGet                                                     
00004cd1  TransmitTask                                                      
000044bd  UART0IntHandler                                                   
00007900  UART0Interrupt                                                    
00002141  UART1IntHandler                                                   
00007904  UART1Interrupt                                                    
00005021  UART1Send                                                         
00005b93  UARTCharGetNonBlocking                                            
00005c8f  UARTCharPut                                                       
00005ba1  UARTCharPutNonBlocking                                            
00005c01  UARTCharsAvail                                                    
00004899  UARTConfigSetExpClk                                               
000055a5  UARTDisable                                                       
000058f1  UARTEnable                                                        
00001335  UARTIntClear                                                      
00005cbf  UARTIntEnable                                                     
00005c99  UARTIntStatus                                                     
00002bdd  UART_init                                                         
00000000  __ASM__                                                           
20002cc0  __CIOBUF_                                                         
00000053  __ISA__                                                           
00000066  __PLAT__                                                          
20003910  __STACK_END                                                       
00000300  __STACK_SIZE                                                      
00000087  __TARG__                                                          
00008238  __TI_CINIT_Base                                                   
00008250  __TI_CINIT_Limit                                                  
00008218  __TI_Handler_Table_Base                                           
00008224  __TI_Handler_Table_Limit                                          
00002e7d  __TI_auto_init                                                    
20003604  __TI_cleanup_ptr                                                  
00005baf  __TI_decompress_none                                              
00005cf3  __TI_decompress_rle24                                             
20003608  __TI_dtors_ptr                                                    
00003b93  __TI_readmsg                                                      
00007d10  __TI_static_base__                                                
00003b61  __TI_writemsg                                                     
00005c0d  __TI_zero_init                                                    
000000ad  __TRDR__                                                          
000036b9  __aeabi_d2f                                                       
000046b5  __aeabi_d2uiz                                                     
00000e8b  __aeabi_dadd                                                      
000019a9  __aeabi_ddiv                                                      
0000223d  __aeabi_dmul                                                      
00000e81  __aeabi_dsub                                                      
00004b4d  __aeabi_f2d                                                       
00001037  __aeabi_idiv0                                                     
000035cf  __aeabi_memclr                                                    
000035cf  __aeabi_memclr4                                                   
000035cf  __aeabi_memclr8                                                   
00002fbd  __aeabi_memcpy                                                    
00002fbd  __aeabi_memcpy4                                                   
00002fbd  __aeabi_memcpy8                                                   
000035d1  __aeabi_memset                                                    
000035d1  __aeabi_memset4                                                   
000035d1  __aeabi_memset8                                                   
000053ad  __aeabi_ui2d                                                      
0000491d  __aeabi_uidiv                                                     
0000491d  __aeabi_uidivmod                                                  
ffffffff  __binit__                                                         
ffffffff  __c_args__                                                        
20003610  __stack                                                           
00005ced  __xdc__init                                                       
2000317c  __xdc__init__addr                                                 
000057a5  _args_main                                                        
00003fa1  _c_int00                                                          
200035fc  _lock                                                             
00005913  _nop                                                              
0000590b  _register_lock                                                    
00005905  _register_unlock                                                  
20003600  _unlock                                                           
00004675  abort                                                             
200033f3  activateBuf                                                       
200033e0  adjustment                                                        
200033b4  baseDuty                                                          
ffffffff  binit                                                             
200033f1  blackFlag                                                         
00003a91  blinky                                                            
0000790c  cmd_task                                                          
200033a8  command_char_count                                                
200033a4  command_received                                                  
00007908  command_semaphore                                                 
000042e9  copy_in                                                           
200033bc  curr_error                                                        
200033dc  derivative                                                        
200033ec  endVal                                                            
00004b15  execute_cmd_task                                                  
0000318d  execute_command                                                   
00001039  execute_front_task                                                
00002529  execute_pid_task                                                  
0000149d  execute_sensor_task                                               
0000467d  exit                                                              
20002e98  front_distance                                                    
00007918  front_semaphore                                                   
00007924  front_task                                                        
20002e9c  input_cmd                                                         
200033d8  integral                                                          
200033c4  integral_error                                                    
200033a0  led_count                                                         
200033f8  lookup_table                                                      
00003af9  main                                                              
2000360c  main_func_sp                                                      
00002fbd  memcpy                                                            
000035d7  memset                                                            
00005b09  osi_TaskDisable                                                   
00005aa9  osi_start                                                         
200033f5  pid_error_flag                                                    
00007930  pid_error_semaphore                                               
00007934  pid_error_transmit_task                                           
00000c8d  pid_func                                                          
0000791c  pid_semaphore                                                     
00007920  pid_task                                                          
200033f6  pingPong                                                          
2000339c  pins                                                              
200033f0  prevBlackFlag                                                     
200033c0  prev_error                                                        
200033ac  prev_input_cmd                                                    
200033d4  proportional                                                      
00007938  reflect_sensor_semaphore                                          
0000792c  reflect_sensor_task                                               
000048dd  rightTurn                                                         
20002ea0  right_distance                                                    
200033f4  sampleIndex                                                       
00007928  sensor_semaphore                                                  
00007bb4  single_black_threshold                                            
000053cd  start                                                             
200033e8  startVal                                                          
00003455  stopRobot                                                         
0000793c  stopSWI                                                           
00007944  storePIDError_semaphore                                           
000057bd  strcmp                                                            
00005919  strcpy                                                            
0000592d  strlen                                                            
20003400  table_entries                                                     
200033b8  target_distance                                                   
00007bb8  thick_black_threshold                                             
00007bdc  ti_catalog_arm_cortexm4_tiva_ce_Boot_A_mustUseEnhancedClockMode__C
00007be0  ti_catalog_arm_cortexm4_tiva_ce_Boot_Module__diagsEnabled__C      
00007be4  ti_catalog_arm_cortexm4_tiva_ce_Boot_Module__diagsIncluded__C     
00007be8  ti_catalog_arm_cortexm4_tiva_ce_Boot_Module__diagsMask__C         
00007a6a  ti_catalog_arm_cortexm4_tiva_ce_Boot_Module__id__C                
00005bd1  ti_catalog_arm_cortexm4_tiva_ce_Boot_init__I                      
00001f41  ti_catalog_arm_cortexm4_tiva_ce_Boot_sysCtlClockSetI__I           
000030f5  ti_catalog_arm_cortexm4_tiva_ce_Boot_sysCtlClockSet__E            
00005cf9  ti_catalog_arm_cortexm4_tiva_ce_Boot_sysCtlDelayI__I              
200035d8  ti_sysbios_BIOS_Module__state__V                                  
000056d9  ti_sysbios_BIOS_RtsGateProxy_Handle__label__S                     
00005285  ti_sysbios_BIOS_RtsGateProxy_Object__delete__S                    
000015ed  ti_sysbios_BIOS_RtsGateProxy_enter__E                             
00001e35  ti_sysbios_BIOS_RtsGateProxy_leave__E                             
00005d39  ti_sysbios_BIOS_RtsGateProxy_query__E                             
00004ddd  ti_sysbios_BIOS_atExitFunc__I                                     
000051f5  ti_sysbios_BIOS_errorRaiseHook__I                                 
00005899  ti_sysbios_BIOS_exitFunc__I                                       
00005a89  ti_sysbios_BIOS_exit__E                                           
00001c0f  ti_sysbios_BIOS_nullFunc__I                                       
00005219  ti_sysbios_BIOS_registerRTSLock__I                                
0000523d  ti_sysbios_BIOS_removeRTSLock__I                                  
000053ed  ti_sysbios_BIOS_rtsLock__I                                        
000057d5  ti_sysbios_BIOS_rtsUnlock__I                                      
00005a99  ti_sysbios_BIOS_setThreadType__E                                  
00005261  ti_sysbios_BIOS_startFunc__I                                      
00005aa9  ti_sysbios_BIOS_start__E                                          
20003554  ti_sysbios_family_arm_lm4_Timer_Module_State_0_device__A          
20003084  ti_sysbios_family_arm_lm4_Timer_Module_State_0_handles__A         
2000307c  ti_sysbios_family_arm_lm4_Timer_Module__root__V                   
000057ed  ti_sysbios_family_arm_lm4_Timer_Module__startupDone__F            
000057ed  ti_sysbios_family_arm_lm4_Timer_Module__startupDone__S            
2000309c  ti_sysbios_family_arm_lm4_Timer_Module__state__V                  
00003c99  ti_sysbios_family_arm_lm4_Timer_Module_startup__E                 
200034a8  ti_sysbios_family_arm_lm4_Timer_Object__table__V                  
00007bec  ti_sysbios_family_arm_lm4_Timer_enableFunc__C                     
00004509  ti_sysbios_family_arm_lm4_Timer_enableTimers__I                   
00002c89  ti_sysbios_family_arm_lm4_Timer_enableTiva__I                     
00005c19  ti_sysbios_family_arm_lm4_Timer_getMaxTicks__E                    
00004101  ti_sysbios_family_arm_lm4_Timer_initDevice__I                     
000046f9  ti_sysbios_family_arm_lm4_Timer_isrStub__E                        
00005cc7  ti_sysbios_family_arm_lm4_Timer_masterDisable__I                  
00002b1d  ti_sysbios_family_arm_lm4_Timer_masterEnable__I                   
00007bf0  ti_sysbios_family_arm_lm4_Timer_numTimerDevices__C                
00001e39  ti_sysbios_family_arm_lm4_Timer_start__E                          
00007bf4  ti_sysbios_family_arm_lm4_Timer_startupNeeded__C                  
00004961  ti_sysbios_family_arm_lm4_Timer_startup__E                        
00004e11  ti_sysbios_family_arm_lm4_Timer_stop__E                           
00005369  ti_sysbios_family_arm_lm4_Timer_write__I                          
00007bf8  ti_sysbios_family_arm_m3_Hwi_E_NMI__C                             
00007bfc  ti_sysbios_family_arm_m3_Hwi_E_busFault__C                        
00007c00  ti_sysbios_family_arm_m3_Hwi_E_debugMon__C                        
00007c04  ti_sysbios_family_arm_m3_Hwi_E_hardFault__C                       
00007c08  ti_sysbios_family_arm_m3_Hwi_E_memFault__C                        
00007c0c  ti_sysbios_family_arm_m3_Hwi_E_noIsr__C                           
00007c10  ti_sysbios_family_arm_m3_Hwi_E_reserved__C                        
00007c14  ti_sysbios_family_arm_m3_Hwi_E_svCall__C                          
00007c18  ti_sysbios_family_arm_m3_Hwi_E_usageFault__C                      
000056a5  ti_sysbios_family_arm_m3_Hwi_Handle__label__S                     
200030b0  ti_sysbios_family_arm_m3_Hwi_Module_State_0_excActive__A          
200030b4  ti_sysbios_family_arm_m3_Hwi_Module_State_0_excContext__A         
200030b8  ti_sysbios_family_arm_m3_Hwi_Module_State_0_excStack__A           
00007cf4  ti_sysbios_family_arm_m3_Hwi_Module__id__C                        
200030a8  ti_sysbios_family_arm_m3_Hwi_Module__root__V                      
00005805  ti_sysbios_family_arm_m3_Hwi_Module__startupDone__F               
00005805  ti_sysbios_family_arm_m3_Hwi_Module__startupDone__S               
20003520  ti_sysbios_family_arm_m3_Hwi_Module__state__V                     
000041f9  ti_sysbios_family_arm_m3_Hwi_Module_startup__E                    
00007c1c  ti_sysbios_family_arm_m3_Hwi_NUM_INTERRUPTS__C                    
00007c20  ti_sysbios_family_arm_m3_Hwi_Object__count__C                     
00005941  ti_sysbios_family_arm_m3_Hwi_Object__get__S                       
20003180  ti_sysbios_family_arm_m3_Hwi_Object__table__V                     
00007c24  ti_sysbios_family_arm_m3_Hwi_ccr__C                               
00004551  ti_sysbios_family_arm_m3_Hwi_disableInterrupt__E                  
00003d01  ti_sysbios_family_arm_m3_Hwi_dispatchC__I                         
20002960  ti_sysbios_family_arm_m3_Hwi_dispatchTable                        
[...]
00005ced  __xdc__init                                                       
00005cf3  __TI_decompress_rle24                                             
00005cf9  ti_catalog_arm_cortexm4_tiva_ce_Boot_sysCtlDelayI__I              
00005d01  ti_sysbios_family_arm_m3_Hwi_doTaskRestore__I                     
00005d09  ti_sysbios_gates_GateHwi_leave__E                                 
00005d11  ti_sysbios_heaps_HeapMem_isBlocking__E                            
00005d19  ti_sysbios_knl_Queue_Instance_init__E                             
00005d21  ti_sysbios_knl_Swi_startup__E                                     
00005d27  xdc_runtime_System_Module_startup__E                              
00005d31  ti_sysbios_gates_GateHwi_query__E                                 
00005d31  xdc_runtime_Main_Module_GateProxy_query__E                        
00005d31  xdc_runtime_System_Module_GateProxy_query__E                      
00005d39  ti_sysbios_BIOS_RtsGateProxy_query__E                             
00005d39  ti_sysbios_gates_GateMutex_query__E                               
00005d39  ti_sysbios_heaps_HeapMem_Module_GateProxy_query__E                
00005d41  ti_sysbios_knl_Task_startup__E                                    
00005d49  ti_sysbios_gates_GateHwi_Instance_init__E                         
00005d51  ti_sysbios_knl_Clock_logTick__E                                   
00005d54  xdc_runtime_Text_charTab__A                                       
000076d3  xdc_runtime_Error_policy__C                                       
000076d4  xdc_runtime_Text_nodeTab__A                                       
000078fc  Timer1AInterrupt                                                  
00007900  UART0Interrupt                                                    
00007904  UART1Interrupt                                                    
00007908  command_semaphore                                                 
0000790c  cmd_task                                                          
00007910  ADCSeq3Interrupt                                                  
00007914  ADCSeq2Interrupt                                                  
00007918  front_semaphore                                                   
0000791c  pid_semaphore                                                     
00007920  pid_task                                                          
00007924  front_task                                                        
00007928  sensor_semaphore                                                  
0000792c  reflect_sensor_task                                               
00007930  pid_error_semaphore                                               
00007934  pid_error_transmit_task                                           
00007938  reflect_sensor_semaphore                                          
0000793c  stopSWI                                                           
00007940  StorePIDError_task                                                
00007944  storePIDError_semaphore                                           
00007990  ti_sysbios_heaps_HeapMem_Module__FXNS__C                          
000079b8  ti_sysbios_gates_GateHwi_Module__FXNS__C                          
000079dc  ti_sysbios_gates_GateMutex_Module__FXNS__C                        
00007a00  ti_sysbios_heaps_HeapMem_Object__PARAMS__C                        
00007a24  ti_sysbios_knl_Semaphore_Object__PARAMS__C                        
00007a6a  ti_catalog_arm_cortexm4_tiva_ce_Boot_Module__id__C                
00007a6c  ti_sysbios_gates_GateHwi_Object__DESC__C                          
00007a8c  ti_sysbios_gates_GateMutex_Object__DESC__C                        
00007aac  ti_sysbios_heaps_HeapMem_Object__DESC__C                          
00007acc  ti_sysbios_knl_Queue_Object__DESC__C                              
00007aec  ti_sysbios_knl_Semaphore_Object__DESC__C                          
00007b0c  xdc_runtime_Startup_sfxnTab__A                                    
00007b48  ti_sysbios_gates_GateHwi_Object__PARAMS__C                        
00007b60  ti_sysbios_gates_GateMutex_Object__PARAMS__C                      
00007b78  ti_sysbios_knl_Queue_Object__PARAMS__C                            
00007b90  xdc_runtime_Startup_firstFxns__A                                  
00007ba4  xdc_runtime_Startup_sfxnRts__A                                    
00007bb4  single_black_threshold                                            
00007bb8  thick_black_threshold                                             
00007bbc  ti_sysbios_family_arm_m3_Hwi_excHookFuncs__A                      
00007bc4  ti_sysbios_knl_Idle_funcList__C                                   
00007bcc  xdc_runtime_Startup_firstFxns__C                                  
00007bd4  xdc_runtime_Startup_lastFxns__C                                   
00007bdc  ti_catalog_arm_cortexm4_tiva_ce_Boot_A_mustUseEnhancedClockMode__C
00007be0  ti_catalog_arm_cortexm4_tiva_ce_Boot_Module__diagsEnabled__C      
00007be4  ti_catalog_arm_cortexm4_tiva_ce_Boot_Module__diagsIncluded__C     
00007be8  ti_catalog_arm_cortexm4_tiva_ce_Boot_Module__diagsMask__C         
00007bec  ti_sysbios_family_arm_lm4_Timer_enableFunc__C                     
00007bf0  ti_sysbios_family_arm_lm4_Timer_numTimerDevices__C                
00007bf4  ti_sysbios_family_arm_lm4_Timer_startupNeeded__C                  
00007bf8  ti_sysbios_family_arm_m3_Hwi_E_NMI__C                             
00007bfc  ti_sysbios_family_arm_m3_Hwi_E_busFault__C                        
00007c00  ti_sysbios_family_arm_m3_Hwi_E_debugMon__C                        
00007c04  ti_sysbios_family_arm_m3_Hwi_E_hardFault__C                       
00007c08  ti_sysbios_family_arm_m3_Hwi_E_memFault__C                        
00007c0c  ti_sysbios_family_arm_m3_Hwi_E_noIsr__C                           
00007c10  ti_sysbios_family_arm_m3_Hwi_E_reserved__C                        
00007c14  ti_sysbios_family_arm_m3_Hwi_E_svCall__C                          
00007c18  ti_sysbios_family_arm_m3_Hwi_E_usageFault__C                      
00007c1c  ti_sysbios_family_arm_m3_Hwi_NUM_INTERRUPTS__C                    
00007c20  ti_sysbios_family_arm_m3_Hwi_Object__count__C                     
00007c24  ti_sysbios_family_arm_m3_Hwi_ccr__C                               
00007c28  ti_sysbios_family_arm_m3_Hwi_excHandlerFunc__C                    
00007c2c  ti_sysbios_family_arm_m3_Hwi_excHookFuncs__C                      
00007c30  ti_sysbios_family_arm_m3_Hwi_nullIsrFunc__C                       
00007c34  ti_sysbios_family_arm_m3_Hwi_priGroup__C                          
00007c38  ti_sysbios_gates_GateMutex_Instance_State_sem__O                  
00007c3c  ti_sysbios_heaps_HeapMem_E_memory__C                              
00007c40  ti_sysbios_heaps_HeapMem_Module__gateObj__C                       
00007c44  ti_sysbios_heaps_HeapMem_Object__count__C                         
00007c48  ti_sysbios_heaps_HeapMem_reqAlign__C                              
00007c4c  ti_sysbios_knl_Clock_Module_State_clockQ__O                       
00007c50  ti_sysbios_knl_Semaphore_Instance_State_pendQ__O                  
00007c54  ti_sysbios_knl_Swi_Object__count__C                               
00007c58  ti_sysbios_knl_Task_Module_State_inactiveQ__O                     
00007c5c  ti_sysbios_knl_Task_Object__count__C                              
00007c60  ti_sysbios_knl_Task_allBlockedFunc__C                             
00007c64  ti_sysbios_knl_Task_numConstructedTasks__C                        
00007c68  xdc_runtime_Assert_E_assertFailed__C                              
00007c6c  xdc_runtime_Core_A_initializedParams__C                           
00007c70  xdc_runtime_Core_Module__diagsEnabled__C                          
00007c74  xdc_runtime_Core_Module__diagsIncluded__C                         
00007c78  xdc_runtime_Core_Module__diagsMask__C                             
00007c7c  xdc_runtime_Error_E_memory__C                                     
00007c80  xdc_runtime_Error_Module__diagsEnabled__C                         
00007c84  xdc_runtime_Error_Module__diagsIncluded__C                        
00007c88  xdc_runtime_Error_Module__diagsMask__C                            
00007c8c  xdc_runtime_Error_Module__loggerFxn8__C                           
00007c90  xdc_runtime_Error_Module__loggerObj__C                            
00007c94  xdc_runtime_Error_policyFxn__C                                    
00007c98  xdc_runtime_Error_raiseHook__C                                    
00007c9c  xdc_runtime_IGateProvider_Interface__BASE__C                      
00007ca0  xdc_runtime_IHeap_Interface__BASE__C                              
00007ca4  xdc_runtime_IModule_Interface__BASE__C                            
00007ca8  xdc_runtime_Log_L_error__C                                        
00007cac  xdc_runtime_Memory_defaultHeapInstance__C                         
00007cb0  xdc_runtime_Startup_execImpl__C                                   
00007cb4  xdc_runtime_Startup_maxPasses__C                                  
00007cb8  xdc_runtime_Startup_sfxnRts__C                                    
00007cbc  xdc_runtime_Startup_sfxnTab__C                                    
00007cc0  xdc_runtime_SysMin_bufSize__C                                     
00007cc4  xdc_runtime_SysMin_outputFunc__C                                  
00007cc8  xdc_runtime_System_Module__gateObj__C                             
00007ccc  xdc_runtime_System_abortFxn__C                                    
00007cd0  xdc_runtime_System_exitFxn__C                                     
00007cd4  xdc_runtime_System_extendFxn__C                                   
00007cd8  xdc_runtime_System_maxAtexitHandlers__C                           
00007cdc  xdc_runtime_Text_charTab__C                                       
00007ce0  xdc_runtime_Text_nameEmpty__C                                     
00007ce4  xdc_runtime_Text_nameStatic__C                                    
00007ce8  xdc_runtime_Text_nameUnknown__C                                   
00007cec  xdc_runtime_Text_nodeTab__C                                       
00007cf0  xdc_runtime_Text_visitRopeFxn__C                                  
00007cf4  ti_sysbios_family_arm_m3_Hwi_Module__id__C                        
00007cf6  ti_sysbios_heaps_HeapMem_Module__id__C                            
00007cf8  xdc_runtime_Core_Module__id__C                                    
00007cfa  xdc_runtime_Error_Module__loggerDefined__C                        
00007cfc  xdc_runtime_Error_maxDepth__C                                     
00007cfe  xdc_runtime_Memory_Module__id__C                                  
00007d00  xdc_runtime_SysMin_flushAtExit__C                                 
00007d02  xdc_runtime_Text_charCnt__C                                       
00007d04  xdc_runtime_Text_isLoaded__C                                      
00007d06  xdc_runtime_Text_registryModsLastId__C                            
00007d08  xdc_runtime_Text_unnamedModsLastId__C                             
00007d10  __TI_static_base__                                                
00008218  __TI_Handler_Table_Base                                           
00008224  __TI_Handler_Table_Limit                                          
00008238  __TI_CINIT_Base                                                   
00008250  __TI_CINIT_Limit                                                  
20000000  ti_sysbios_family_arm_m3_Hwi_ramVectors                           
20000360  ti_sysbios_knl_Task_Instance_State_0_stack__A                     
20000760  ti_sysbios_knl_Task_Instance_State_1_stack__A                     
20000f60  ti_sysbios_knl_Task_Instance_State_2_stack__A                     
20001760  ti_sysbios_knl_Task_Instance_State_3_stack__A                     
20001b60  ti_sysbios_knl_Task_Instance_State_4_stack__A                     
20002160  ti_sysbios_knl_Task_Instance_State_5_stack__A                     
20002560  ti_sysbios_heaps_HeapMem_Instance_State_0_buf__A                  
20002960  ti_sysbios_family_arm_m3_Hwi_dispatchTable                        
20002cc0  __CIOBUF_                                                         
20002de0  xdc_runtime_SysMin_Module_State_0_outbuf__A                       
20002e60  PingPongBuf                                                       
20002e90  ADCAvVal                                                          
20002e94  ADCAvVal2                                                         
20002e98  front_distance                                                    
20002e9c  input_cmd                                                         
20002ea0  right_distance                                                    
20002ea4  ui32Load                                                          
20002ea8  ui32PWMClock                                                      
20002eac  volts1                                                            
20002eb0  volts2                                                            
20002eb4  ti_sysbios_knl_Task_Object__table__V                              
2000307c  ti_sysbios_family_arm_lm4_Timer_Module__root__V                   
20003084  ti_sysbios_family_arm_lm4_Timer_Module_State_0_handles__A         
2000309c  ti_sysbios_family_arm_lm4_Timer_Module__state__V                  
200030a8  ti_sysbios_family_arm_m3_Hwi_Module__root__V                      
200030b0  ti_sysbios_family_arm_m3_Hwi_Module_State_0_excActive__A          
200030b4  ti_sysbios_family_arm_m3_Hwi_Module_State_0_excContext__A         
200030b8  ti_sysbios_family_arm_m3_Hwi_Module_State_0_excStack__A           
200030bc  ti_sysbios_gates_GateHwi_Module__root__V                          
200030c4  ti_sysbios_gates_GateHwi_Object__table__V                         
200030c8  ti_sysbios_gates_GateMutex_Module__root__V                        
200030d0  ti_sysbios_hal_Hwi_Module__root__V                                
200030d8  ti_sysbios_heaps_HeapMem_Module__root__V                          
200030e0  ti_sysbios_heaps_HeapMem_Object__table__V                         
200030f8  ti_sysbios_knl_Clock_Module__root__V                              
20003100  ti_sysbios_knl_Queue_Module__root__V                              
20003108  ti_sysbios_knl_Semaphore_Module__root__V                          
20003110  ti_sysbios_knl_Swi_Module__root__V                                
20003118  ti_sysbios_knl_Swi_Module__state__V                               
20003134  ti_sysbios_knl_Task_Module__root__V                               
2000313c  ti_sysbios_knl_Task_Module_State_0_idleTask__A                    
20003140  xdc_runtime_Error_Module__state__V                                
20003144  xdc_runtime_Memory_Module__state__V                               
20003148  xdc_runtime_Registry_Module__state__V                             
20003150  xdc_runtime_Startup_Module__state__V                              
20003158  xdc_runtime_SysMin_Module__state__V                               
20003164  xdc_runtime_System_Module_State_0_atexitHandlers__A               
2000316c  xdc_runtime_System_Module__state__V                               
20003174  xdc_runtime_Text_Module__state__V                                 
2000317c  __xdc__init__addr                                                 
20003180  ti_sysbios_family_arm_m3_Hwi_Object__table__V                     
20003210  ti_sysbios_knl_Semaphore_Object__table__V                         
2000329c  ti_sysbios_knl_Swi_Module_State_0_readyQ__A                       
2000331c  ti_sysbios_knl_Task_Module_State_0_readyQ__A                      
2000339c  pins                                                              
200033a0  led_count                                                         
200033a4  command_received                                                  
200033a8  command_char_count                                                
200033ac  prev_input_cmd                                                    
200033b0  uTurnStatus                                                       
200033b4  baseDuty                                                          
200033b8  target_distance                                                   
200033bc  curr_error                                                        
200033c0  prev_error                                                        
200033c4  integral_error                                                    
200033c8  Kp                                                                
200033cc  Ki                                                                
200033d0  Kd                                                                
200033d4  proportional                                                      
200033d8  integral                                                          
200033dc  derivative                                                        
200033e0  adjustment                                                        
200033e4  NumOfLinesCount                                                   
200033e8  startVal                                                          
200033ec  endVal                                                            
200033f0  prevBlackFlag                                                     
200033f1  blackFlag                                                         
200033f2  txBuf                                                             
200033f3  activateBuf                                                       
200033f4  sampleIndex                                                       
200033f5  pid_error_flag                                                    
200033f6  pingPong                                                          
200033f8  lookup_table                                                      
20003400  table_entries                                                     
20003404  ti_sysbios_knl_Swi_Object__table__V                               
20003464  ti_sysbios_knl_Task_Module__state__V                              
200034a8  ti_sysbios_family_arm_lm4_Timer_Object__table__V                  
200034e8  ti_sysbios_gates_GateMutex_Object__table__V                       
20003520  ti_sysbios_family_arm_m3_Hwi_Module__state__V                     
20003554  ti_sysbios_family_arm_lm4_Timer_Module_State_0_device__A          
20003584  ti_sysbios_knl_Clock_Module__state__V                             
200035b0  ti_sysbios_hal_Hwi_Object__table__V                               
200035d8  ti_sysbios_BIOS_Module__state__V                                  
200035fc  _lock                                                             
20003600  _unlock                                                           
20003604  __TI_cleanup_ptr                                                  
20003608  __TI_dtors_ptr                                                    
2000360c  main_func_sp                                                      
20003610  __stack                                                           
20003910  __STACK_END                                                       
e000e000  ti_sysbios_family_arm_m3_Hwi_nvic                                 
ffffffff  __binit__                                                         
ffffffff  __c_args__                                                        
ffffffff  binit                                                             
UNDEFED   SHT$$INIT_ARRAY$$Base                                             
UNDEFED   SHT$$INIT_ARRAY$$Limit                                            

[625 symbols]
