******************************************************************************
                  TI ARM Linker PC v5.2.9                      
******************************************************************************
>> Linked Fri Nov 14 01:53:25 2025

OUTPUT FILE NAME:   <Final.out>
ENTRY POINT SYMBOL: "_c_int00"  address: 00004871


MEMORY CONFIGURATION

         name            origin    length      used     unused   attr    fill
----------------------  --------  ---------  --------  --------  ----  --------
  FLASH                 00000000   00040000  00008a79  00037587  R  X
  SRAM                  20000000   00008000  00001d14  000062ec  RW X


SEGMENT ALLOCATION MAP

run origin  load origin   length   init length attrs members
----------  ----------- ---------- ----------- ----- -------
00000000    00000000    00008a88   00008a88    r-x
  00000000    00000000    0000003c   0000003c    r-- .resetVecs
  00000040    00000040    00006622   00006622    r-x .text
  00006668    00006668    00001f63   00001f63    r-- .const
  000085d0    000085d0    000004b8   000004b8    r-- .cinit
20000000    20000000    00001d18   00000000    rw-
  20000000    20000000    00000360   00000000    rw- .vecs
  20000360    20000360    00000f2c   00000000    rw- .bss
  20001290    20001290    00000788   00000000    rw- .data
  20001a18    20001a18    00000300   00000000    rw- .stack


SECTION ALLOCATION MAP

 output                                  attributes/
section   page    origin      length       input sections
--------  ----  ----------  ----------   ----------------
.text      0    00000040    00006622     
                  00000040    00000498     rtsv7M4_T_le_v4SPD16_eabi.lib : pow.obj (.text)
                  000004d8    00000430     sysbios.aem4f : BIOS.obj (.text:ti_sysbios_family_arm_m3_Hwi_excDumpRegs__I)
                  00000908    0000034c     ti.targets.arm.rtsarm.aem4f : System.oem4f (.text:xdc_runtime_System_doPrint__I)
                  00000c54    000002ec     rtsv7M4_T_le_v4SPD16_eabi.lib : xlog.obj (.text)
                  00000f40    000002d4                                   : trgdrv.obj (.text)
                  00001214    0000020c     main.obj (.text:pid_func)
                  00001420    000001fc     rtsv7M4_T_le_v4SPD16_eabi.lib : xexp.obj (.text)
                  0000161c    00000004     driverlib.lib : timer.obj (.text:TimerIntClear)
                  00001620    000001fc     sysbios.aem4f : BIOS.obj (.text:ti_sysbios_family_arm_m3_Hwi_excHandlerMax__I)
                  0000181c    000001b6     rtsv7M4_T_le_v4SPD16_eabi.lib : fd_add_t2.obj (.text)
                  000019d2    00000002                                   : i_div0.obj (.text)
                  000019d4    0000019c     main.obj (.text:execute_front_task)
                  00001b70    00000174     sysbios.aem4f : BIOS.obj (.text:ti_sysbios_family_arm_m3_Hwi_excBusFault__I)
                  00001ce4    00000004     driverlib.lib : uart.obj (.text:UARTIntClear)
                  00001ce8    00000164     sysbios.aem4f : BIOS.obj (.text:ti_sysbios_family_arm_m3_Hwi_excUsageFault__I)
                  00001e4c    00000004     empty_min_pem4f.oem4f (.text:ti_sysbios_BIOS_RtsGateProxy_enter__E)
                  00001e50    00000148     sysbios.aem4f : BIOS.obj (.text:ti_sysbios_family_arm_m3_Hwi_excMemFault__I)
                  00001f98    00000138     main.obj (.text:PWM_init)
                  000020d0    00000138     sysbios.aem4f : BIOS.obj (.text:ti_sysbios_knl_Semaphore_pend__E)
                  00002208    00000136     rtsv7M4_T_le_v4SPD16_eabi.lib : fd_div_t2.obj (.text)
                  0000233e    00000130     driverlib.lib : gpio.obj (.text:GPIOPadConfigSet)
                  0000246e    00000002     empty_min_pem4f.oem4f (.text:ti_sysbios_BIOS_nullFunc__I)
                  00002470    00000118     ti.targets.arm.rtsarm.aem4f : Error.oem4f (.text:xdc_runtime_Error_policyDefault__E)
                  00002588    00000110     rtsv7M4_T_le_v4SPD16_eabi.lib : xdscale.obj (.text)
                  00002698    0000010c     driverlib.lib : sysctl.obj (.text:SysCtlClockGet)
                  000027a4    00000004     empty_min_pem4f.oem4f (.text:ti_sysbios_BIOS_RtsGateProxy_leave__E)
                  000027a8    00000108     sysbios.aem4f : BIOS.obj (.text:ti_sysbios_family_arm_lm4_Timer_start__E)
                  000028b0    00000104     main.obj (.text:execute_pid_task)
                  000029b4    00000100     Boot.aem4f : Boot_sysctl.oem4f (.text:ti_catalog_arm_cortexm4_tiva_ce_Boot_sysCtlClockSetI__I)
                  00002ab4    00000100     ti.targets.arm.rtsarm.aem4f : Core-mem.oem4f (.text:xdc_runtime_Core_createObject__I)
                  00002bb4    000000fc     main.obj (.text:UART1IntHandler)
                  00002cb0    000000fc     rtsv7M4_T_le_v4SPD16_eabi.lib : fd_mul_t2.obj (.text)
                  00002dac    000000f8     ti.targets.arm.rtsarm.aem4f : Startup.oem4f (.text:xdc_runtime_Startup_startMods__I)
                  00002ea4    000000f8     empty_min_pem4f.oem4f (.text:xdc_runtime_System_printfExtend__I)
                  00002f9c    000000f4     sysbios.aem4f : m3_Hwi_asm.obj (.text:ti_sysbios_family_arm_m3_Hwi_dispatch__I)
                  00003090    000000f0     driverlib.lib : sysctl.obj (.text:SysCtlClockSet)
                  00003180    000000cc     sysbios.aem4f : BIOS.obj (.text:ti_sysbios_heaps_HeapMem_alloc__E)
                  0000324c    000000cc     ti.targets.arm.rtsarm.aem4f : Core-smem.oem4f (.text:xdc_runtime_Core_constructObject__I)
                  00003318    000000c4     main.obj (.text:ADC_init)
                  000033dc    000000c0     rtsv7M4_T_le_v4SPD16_eabi.lib : xdint.obj (.text)
                  0000349c    000000be                                   : xdnorm.obj (.text)
                  0000355a    00000006     driverlib.lib : gpio.obj (.text:GPIOPinWrite)
                  00003560    000000bc     sysbios.aem4f : BIOS.obj (.text:ti_sysbios_family_arm_m3_Hwi_excDebugMon__I)
                  0000361c    00000004                   : BIOS.obj (.text:ti_sysbios_family_arm_lm4_Timer_masterEnable__I)
                  00003620    000000bc                   : BIOS.obj (.text:ti_sysbios_family_arm_m3_Hwi_excHardFault__I)
                  000036dc    000000ac     main.obj (.text:UART_init)
                  00003788    000000ac     sysbios.aem4f : BIOS.obj (.text:ti_sysbios_family_arm_lm4_Timer_enableTiva__I)
                  00003834    000000a0     auto_init.aem4f : auto_init.oem4f (.text)
                  000038d4    000000a0     ti.targets.arm.rtsarm.aem4f : Text.oem4f (.text:xdc_runtime_Text_putMod__E)
                  00003974    0000009c     rtsv7M4_T_le_v4SPD16_eabi.lib : memcpy_t2.obj (.text)
                  00003a10    0000009a     ti.targets.arm.rtsarm.aem4f : Text.oem4f (.text:xdc_runtime_Text_putSite__E)
                  00003aaa    00000002     empty_min_pem4f.oem4f (.text:xdc_runtime_Startup_reset__I)
                  00003aac    00000098     Boot.aem4f : Boot.oem4f (.text:ti_catalog_arm_cortexm4_tiva_ce_Boot_sysCtlClockSet__E)
                  00003b44    00000004     empty_min_pem4f.oem4f (.text:ti_sysbios_family_arm_m3_TaskSupport_Module__startupDone__S)
                  00003b48    00000094     sysbios.aem4f : BIOS.obj (.text:ti_sysbios_family_arm_m3_Hwi_initNVIC__E)
                  00003bdc    0000008c                   : m3_TaskSupport_asm.obj (.text:ti_sysbios_family_arm_m3_TaskSupport_buildTaskStack)
                  00003c68    0000008c                   : BIOS.obj (.text:ti_sysbios_knl_Task_postInit__I)
                  00003cf4    00000086     rtsv7M4_T_le_v4SPD16_eabi.lib : fd_cmp_t2.obj (.text:__aeabi_cdcmple)
                  00003d7a    00000006     driverlib.lib : sysctl.obj (.text:SysCtlDelay)
                  00003d80    00000084     sysbios.aem4f : BIOS.obj (.text:ti_sysbios_family_arm_m3_Hwi_postInit__I)
                  00003e04    00000004     empty_min_pem4f.oem4f (.text:ti_sysbios_heaps_HeapMem_Module_GateProxy_enter__E)
                  00003e08    0000007c     sysbios.aem4f : BIOS.obj (.text:ti_sysbios_heaps_HeapMem_free__E)
                  00003e84    0000007a     driverlib.lib : adc.obj (.text:ADCSequenceStepConfigure)
                  00003efe    0000007a     rtsv7M4_T_le_v4SPD16_eabi.lib : memset_t2.obj (.text)
                  00003f78    00000070     sysbios.aem4f : BIOS.obj (.text:ti_sysbios_knl_Semaphore_post__E)
                  00003fe8    00000070     main.obj (.text:uTurn)
                  00004058    0000006e     rtsv7M4_T_le_v4SPD16_eabi.lib : fd_tos_t2.obj (.text)
                  000040c6    00000002     --HOLE-- [fill = 0]
                  000040c8    0000006d     ti.targets.arm.rtsarm.aem4f : System.oem4f (.text:xdc_runtime_System_formatNum__I)
                  00004135    00000003     --HOLE-- [fill = 0]
                  00004138    0000006c     sysbios.aem4f : BIOS.obj (.text:ti_sysbios_knl_Clock_workFunc__E)
                  000041a4    00000004     empty_min_pem4f.oem4f (.text:ti_sysbios_heaps_HeapMem_Module_GateProxy_leave__E)
                  000041a8    0000006c     sysbios.aem4f : BIOS.obj (.text:ti_sysbios_knl_Swi_restoreHwi__E)
                  00004214    00000004     empty_min_pem4f.oem4f (.text:ti_sysbios_knl_Clock_TimerProxy_getMaxTicks__E)
                  00004218    0000006c     sysbios.aem4f : BIOS.obj (.text:ti_sysbios_knl_Task_exit__E)
                  00004284    0000006c     ti.targets.arm.rtsarm.aem4f : Error.oem4f (.text:xdc_runtime_Error_print__E)
                  000042f0    0000006c                                 : Memory.oem4f (.text:xdc_runtime_Memory_alloc__E)
                  0000435c    0000006a     rtsv7M4_T_le_v4SPD16_eabi.lib : copy_decompress_rle.obj (.text)
                  000043c6    00000002     --HOLE-- [fill = 0]
                  000043c8    00000068     driverlib.lib : interrupt.obj (.text:IntEnable)
                  00004430    00000068     rtsv7M4_T_le_v4SPD16_eabi.lib : trgmsg.obj (.text)
                  00004498    00000066                                   : xdunscal.obj (.text)
                  000044fe    00000066     ti.targets.arm.rtsarm.aem4f : Core-mem.oem4f (.text:xdc_runtime_Core_deleteObject__I)
                  00004564    00000004     empty_min_pem4f.oem4f (.text:ti_sysbios_knl_Queue_destruct)
                  00004568    00000064     sysbios.aem4f : BIOS.obj (.text:ti_sysbios_family_arm_lm4_Timer_Module_startup__E)
                  000045cc    00000004     empty_min_pem4f.oem4f (.text:ti_sysbios_knl_Semaphore_destruct)
                  000045d0    00000064     sysbios.aem4f : BIOS.obj (.text:ti_sysbios_family_arm_m3_Hwi_dispatchC__I)
                  00004634    00000060     driverlib.lib : timer.obj (.text:TimerConfigure)
                  00004694    00000004     ti.targets.arm.rtsarm.aem4f : Error.oem4f (.text:xdc_runtime_Error_getSite__E)
                  00004698    0000005c     sysbios.aem4f : BIOS.obj (.text:ti_sysbios_knl_Swi_run__I)
                  000046f4    00000004     empty_min_pem4f.oem4f (.text:xdc_runtime_System_Module_GateProxy_enter__E)
                  000046f8    0000005c     sysbios.aem4f : BIOS.obj (.text:ti_sysbios_knl_Swi_schedule__I)
                  00004754    00000004     empty_min_pem4f.oem4f (.text:xdc_runtime_System_Module_GateProxy_leave__E)
                  00004758    0000005c     sysbios.aem4f : BIOS.obj (.text:ti_sysbios_knl_Task_Module_startup__E)
                  000047b4    00000004     ti.targets.arm.rtsarm.aem4f : System.oem4f (.text:xdc_runtime_System_aprintf_va__F)
                  000047b8    0000005c     sysbios.aem4f : BIOS.obj (.text:ti_sysbios_knl_Task_startCore__E)
                  00004814    0000005b     ti.targets.arm.rtsarm.aem4f : Text.oem4f (.text:xdc_runtime_Text_putLab__E)
                  0000486f    00000001     --HOLE-- [fill = 0]
                  00004870    00000058     boot.aem4f : boot.oem4f (.text)
                  000048c8    00000058     main.obj (.text:execute_command)
                  00004920    00000058     main.obj (.text:rightTurn)
                  00004978    00000058     sysbios.aem4f : m3_Hwi_asm_switch.obj (.text:ti_sysbios_family_arm_m3_Hwi_initStacks__E)
                  000049d0    00000054     main.obj (.text:Timer1A_init)
                  00004a24    00000004     ti.targets.arm.rtsarm.aem4f : System.oem4f (.text:xdc_runtime_System_printf_va__F)
                  00004a28    00000054     sysbios.aem4f : BIOS.obj (.text:ti_sysbios_family_arm_lm4_Timer_initDevice__I)
                  00004a7c    00000054     ti.targets.arm.rtsarm.aem4f : Assert.oem4f (.text:xdc_runtime_Assert_raise__I)
                  00004ad0    00000050     main.obj (.text:main)
                  00004b20    00000050     sysbios.aem4f : BIOS.obj (.text:ti_sysbios_family_arm_m3_Hwi_Module_startup__E)
                  00004b70    00000050     ti.targets.arm.rtsarm.aem4f : Startup.oem4f (.text:xdc_runtime_Startup_exec__E)
                  00004bc0    00000050                                 : Text.oem4f (.text:xdc_runtime_Text_visitRope2__I)
                  00004c10    0000004c     rtsv7M4_T_le_v4SPD16_eabi.lib : cpy_tbl.obj (.text)
                  00004c5c    00000004     --HOLE-- [fill = 0]
                  00004c60    0000004c     sysbios.aem4f : BIOS.obj (.text:ti_sysbios_heaps_HeapMem_getStats__E)
                  00004cac    00000004     --HOLE-- [fill = 0]
                  00004cb0    0000004c                   : BIOS.obj (.text:ti_sysbios_knl_Swi_runLoop__I)
                  00004cfc    00000004     --HOLE-- [fill = 0]
                  00004d00    0000004c                   : BIOS.obj (.text:ti_sysbios_knl_Task_allBlockedFunction__I)
                  00004d4c    00000004     --HOLE-- [fill = 0]
                  00004d50    0000004c                   : BIOS.obj (.text:ti_sysbios_knl_Task_schedule__I)
                  00004d9c    00000048     driverlib.lib : gpio.obj (.text:GPIOPinConfigure)
                  00004de4    00000048     main.obj (.text:UART0IntHandler)
                  00004e2c    00000048     rtsv7M4_T_le_v4SPD16_eabi.lib : fd_toi_t2.obj (.text)
                  00004e74    00000004     --HOLE-- [fill = 0]
                  00004e78    00000048     sysbios.aem4f : BIOS.obj (.text:ti_sysbios_family_arm_lm4_Timer_enableTimers__I)
                  00004ec0    00000048                   : BIOS.obj (.text:ti_sysbios_family_arm_m3_Hwi_disableInterrupt__E)
                  00004f08    00000048                   : BIOS.obj (.text:ti_sysbios_family_arm_m3_Hwi_enableInterrupt__E)
                  00004f50    00000048                   : BIOS.obj (.text:ti_sysbios_family_arm_m3_Hwi_excReserved__I)
                  00004f98    00000046     ti.targets.arm.rtsarm.aem4f : Core-params.oem4f (.text:xdc_runtime_Core_assignParams__I)
                  00004fde    00000002     --HOLE-- [fill = 0]
                  00004fe0    00000044     rtsv7M4_T_le_v4SPD16_eabi.lib : exit.obj (.text)
                  00005024    00000004     --HOLE-- [fill = 0]
                  00005028    00000044     sysbios.aem4f : BIOS.obj (.text:ti_sysbios_family_arm_lm4_Timer_isrStub__E)
                  0000506c    00000004     --HOLE-- [fill = 0]
                  00005070    00000044                   : BIOS.obj (.text:ti_sysbios_family_arm_m3_Hwi_getStackInfo__E)
                  000050b4    00000004     --HOLE-- [fill = 0]
                  000050b8    00000044                   : BIOS.obj (.text:ti_sysbios_knl_Swi_post__E)
                  000050fc    00000044     ti.targets.arm.rtsarm.aem4f : Error.oem4f (.text:xdc_runtime_Error_setX__E)
                  00005140    00000044                                 : SysMin.oem4f (.text:xdc_runtime_SysMin_flush__E)
                  00005184    00000044                                 : Text.oem4f (.text:xdc_runtime_Text_xprintf__I)
                  000051c8    00000042     driverlib.lib : uart.obj (.text:UARTConfigSetExpClk)
                  0000520a    00000002     --HOLE-- [fill = 0]
                  0000520c    00000040     rtsv7M4_T_le_v4SPD16_eabi.lib : signal.obj (.text)
                  0000524c    00000040                                   : u_divt2.obj (.text)
                  0000528c    00000004     --HOLE-- [fill = 0]
                  00005290    00000040     sysbios.aem4f : BIOS.obj (.text:ti_sysbios_family_arm_lm4_Timer_startup__E)
                  000052d0    00000040                   : BIOS.obj (.text:ti_sysbios_heaps_HeapMem_Instance_init__E)
                  00005310    0000003e     driverlib.lib : adc.obj (.text:ADCSequenceConfigure)
                  0000534e    00000002     --HOLE-- [fill = 0]
                  00005350    0000003c     sysbios.aem4f : BIOS.obj (.text:ti_sysbios_family_arm_m3_Hwi_excSvCall__I)
                  0000538c    00000004     --HOLE-- [fill = 0]
                  00005390    0000003c                   : BIOS.obj (.text:ti_sysbios_heaps_HeapMem_init__I)
                  000053cc    00000004     --HOLE-- [fill = 0]
                  000053d0    0000003c                   : BIOS.obj (.text:ti_sysbios_knl_Swi_restore__E)
                  0000540c    00000038     driverlib.lib : sysctl.obj (.text:SysCtlPeripheralReady)
                  00005444    00000038     main.obj (.text:execute_cmd_task)
                  0000547c    00000038     rtsv7M4_T_le_v4SPD16_eabi.lib : fs_tod_t2.obj (.text)
                  000054b4    00000004     --HOLE-- [fill = 0]
                  000054b8    00000038     sysbios.aem4f : BIOS.obj (.text:ti_sysbios_family_arm_m3_Hwi_excNoIsr__I)
                  000054f0    00000038                   : BIOS.obj (.text:ti_sysbios_knl_Task_processVitalTaskFlag__I)
                  00005528    00000038     ti.targets.arm.rtsarm.aem4f : SysMin.oem4f (.text:xdc_runtime_SysMin_putch__E)
                  00005560    00000038                                 : System.oem4f (.text:xdc_runtime_System_atexit__E)
                  00005598    00000034     driverlib.lib : sysctl.obj (.text:SysCtlPeripheralEnable)
                  000055cc    00000034     rtsv7M4_T_le_v4SPD16_eabi.lib : feraiseexcept.obj (.text)
                  00005600    00000034     sysbios.aem4f : BIOS.obj (.text:ti_sysbios_family_arm_m3_Hwi_excNmi__I)
                  00005634    00000034     ti.targets.arm.rtsarm.aem4f : Core-label.oem4f (.text:xdc_runtime_Core_assignLabel__I)
                  00005668    00000033                                 : Text.oem4f (.text:xdc_runtime_Text_printVisFxn__I)
                  0000569b    00000005     --HOLE-- [fill = 0]
                  000056a0    00000032     sysbios.aem4f : BIOS.obj (.text:ti_sysbios_hal_Hwi_initStack)
                  000056d2    00000002     --HOLE-- [fill = 0]
                  000056d4    00000030     rtsv7M4_T_le_v4SPD16_eabi.lib : xferaise.obj (.text)
                  00005704    00000030     empty_min_pem4f.oem4f (.text:ti_sysbios_BIOS_atExitFunc__I)
                  00005734    00000004     --HOLE-- [fill = 0]
                  00005738    00000030     sysbios.aem4f : BIOS.obj (.text:ti_sysbios_family_arm_lm4_Timer_stop__E)
                  00005768    00000030                   : BIOS.obj (.text:ti_sysbios_family_arm_m3_TaskSupport_start__E)
                  00005798    00000030     empty_min_pem4f.oem4f (.text:ti_sysbios_gates_GateHwi_Object__create__S)
                  000057c8    00000030     empty_min_pem4f.oem4f (.text:ti_sysbios_gates_GateMutex_Object__create__S)
                  000057f8    00000030     sysbios.aem4f : BIOS.obj (.text:ti_sysbios_gates_GateMutex_enter__E)
                  00005828    00000030     empty_min_pem4f.oem4f (.text:ti_sysbios_heaps_HeapMem_Object__create__S)
                  00005858    00000030     empty_min_pem4f.oem4f (.text:ti_sysbios_knl_Semaphore_construct)
                  00005888    00000030     sysbios.aem4f : BIOS.obj (.text:ti_sysbios_knl_Semaphore_pendTimeout__I)
                  000058b8    00000030                   : BIOS.obj (.text:ti_sysbios_knl_Task_unblockI__E)
                  000058e8    00000030     ti.targets.arm.rtsarm.aem4f : SysMin.oem4f (.text:xdc_runtime_SysMin_abort__E)
                  00005918    00000030                                 : System.oem4f (.text:xdc_runtime_System_processAtExit__E)
                  00005948    0000002e     rtsv7M4_T_le_v4SPD16_eabi.lib : i_tofd_t2.obj (.text)
                  00005976    0000002e                                   : raise.obj (.text)
                  000059a4    0000002c     empty_min_pem4f.oem4f (.text:ti_sysbios_knl_Clock_doTick__I)
                  000059d0    0000002c     empty_min_pem4f.oem4f (.text:ti_sysbios_knl_Queue_construct)
                  000059fc    00000004     --HOLE-- [fill = 0]
                  00005a00    0000002c     sysbios.aem4f : BIOS.obj (.text:ti_sysbios_knl_Task_restore__E)
                  00005a2c    0000002c     ti.targets.arm.rtsarm.aem4f : Text.oem4f (.text:xdc_runtime_Text_cordText__E)
                  00005a58    0000002a     driverlib.lib : gpio.obj (.text:GPIODirModeSet)
                  00005a82    0000002a     ti.targets.arm.rtsarm.aem4f : System.oem4f (.text:xdc_runtime_System_putchar__I)
                  00005aac    00000004     --HOLE-- [fill = 0]
                  00005ab0    00000028     sysbios.aem4f : BIOS.obj (.text:ti_sysbios_knl_Clock_addI__E)
                  00005ad8    00000028                   : BIOS.obj (.text:ti_sysbios_knl_Swi_Module_startup__E)
                  00005b00    00000026                   : m3_Hwi_asm.obj (.text:ti_sysbios_family_arm_m3_Hwi_pendSV__I)
                  00005b26    00000026     ti.targets.arm.rtsarm.aem4f : System.oem4f (.text:xdc_runtime_System_avprintf__E)
                  00005b4c    00000024     empty_min_pem4f.oem4f (.text:ti_sysbios_BIOS_errorRaiseHook__I)
                  00005b70    00000024     empty_min_pem4f.oem4f (.text:ti_sysbios_BIOS_registerRTSLock__I)
                  00005b94    00000024     empty_min_pem4f.oem4f (.text:ti_sysbios_BIOS_removeRTSLock__I)
                  00005bb8    00000024     empty_min_pem4f.oem4f (.text:ti_sysbios_BIOS_startFunc__I)
                  00005bdc    00000024     empty_min_pem4f.oem4f (.text:ti_sysbios_gates_GateMutex_Object__delete__S)
                  00005c00    00000024     sysbios.aem4f : BIOS.obj (.text:ti_sysbios_knl_Clock_Module_startup__E)
                  00005c24    00000004     --HOLE-- [fill = 0]
                  00005c28    00000024                   : BIOS.obj (.text:ti_sysbios_knl_Semaphore_Instance_init__E)
                  00005c4c    00000004     --HOLE-- [fill = 0]
                  00005c50    00000024                   : BIOS.obj (.text:ti_sysbios_knl_Task_restoreHwi__E)
                  00005c74    00000024     ti.targets.arm.rtsarm.aem4f : System.oem4f (.text:xdc_runtime_System_vprintf__E)
                  00005c98    00000022     driverlib.lib : pwm.obj (.text:PWMGenConfigure)
                  00005cba    00000006     ti.targets.arm.rtsarm.aem4f : xdc_noinit.oem4f (.text:__xdc__init)
                  00005cc0    00000022     sysbios.aem4f : BIOS.obj (.text:ti_sysbios_family_arm_lm4_Timer_write__I)
                  00005ce2    00000022     empty_min_pem4f.oem4f (.text:xdc_runtime_SysMin_output__I)
                  00005d04    00000020     rtsv7M4_T_le_v4SPD16_eabi.lib : u_tofd_t2.obj (.text)
                  00005d24    00000020     main.obj (.text:start)
                  00005d44    00000020     empty_min_pem4f.oem4f (.text:ti_sysbios_BIOS_rtsLock__I)
                  00005d64    00000020     sysbios.aem4f : m3_Hwi_asm.obj (.text:ti_sysbios_family_arm_m3_Hwi_excHandlerAsm__I)
                  00005d84    00000004     --HOLE-- [fill = 0]
                  00005d88    00000020                   : BIOS.obj (.text:ti_sysbios_family_arm_m3_Hwi_excHandler__I)
                  00005da8    00000020     empty_min_pem4f.oem4f (.text:ti_sysbios_gates_GateHwi_Object__delete__S)
                  00005dc8    00000020     empty_min_pem4f.oem4f (.text:ti_sysbios_heaps_HeapMem_Object__delete__S)
                  00005de8    00000020     sysbios.aem4f : BIOS.obj (.text:ti_sysbios_knl_Idle_run__E)
                  00005e08    00000020     empty_min_pem4f.oem4f (.text:ti_sysbios_knl_Semaphore_Object__destruct__S)
                  00005e28    00000020     ti.targets.arm.rtsarm.aem4f : Registry.oem4f (.text:xdc_runtime_Registry_findById__E)
                  00005e48    00000020                                 : SysMin.oem4f (.text:xdc_runtime_SysMin_Module_startup__E)
                  00005e68    0000001e     driverlib.lib : adc.obj (.text:ADCSequenceDataGet)
                  00005e86    0000001e                   : pwm.obj (.text:PWMPulseWidthSet)
                  00005ea4    0000001e     sysbios.aem4f : m3_Hwi_asm_switch.obj (.text:ti_sysbios_family_xxx_Hwi_switchAndRunFunc)
                  00005ec2    00000002     --HOLE-- [fill = 0]
                  00005ec4    0000001c     main.obj (.text:ADCSeq2IntHandler)
                  00005ee0    0000001c     main.obj (.text:ADCSeq3IntHandler)
                  00005efc    0000001c     main.obj (.text:Timer1AIntHandler)
                  00005f18    0000001c     driverlib.lib : uart.obj (.text:UARTDisable)
                  00005f34    00000004     --HOLE-- [fill = 0]
                  00005f38    0000001c     sysbios.aem4f : BIOS.obj (.text:ti_sysbios_gates_GateMutex_Instance_init__E)
                  00005f54    0000001c     empty_min_pem4f.oem4f (.text:ti_sysbios_knl_Queue_Object__destruct__S)
                  00005f70    0000001c     sysbios.aem4f : BIOS.obj (.text:ti_sysbios_knl_Queue_put__E)
                  00005f8c    00000004     --HOLE-- [fill = 0]
                  00005f90    0000001c                   : BIOS.obj (.text:ti_sysbios_knl_Task_enter__I)
                  00005fac    0000001c     ti.targets.arm.rtsarm.aem4f : Error.oem4f (.text:xdc_runtime_Error_raiseX__E)
                  00005fc8    0000001c                                 : Memory.oem4f (.text:xdc_runtime_Memory_valloc__E)
                  00005fe4    0000001c                                 : SysMin.oem4f (.text:xdc_runtime_SysMin_exit__E)
                  00006000    0000001c                                 : System.oem4f (.text:xdc_runtime_System_abort__E)
                  0000601c    0000001a     rtsv7M4_T_le_v4SPD16_eabi.lib : log.obj (.text)
                  00006036    0000001a     empty_min_pem4f.oem4f (.text:ti_sysbios_family_arm_m3_Hwi_Handle__label__S)
                  00006050    0000001a     empty_min_pem4f.oem4f (.text:ti_sysbios_gates_GateHwi_Handle__label__S)
                  0000606a    0000001a     empty_min_pem4f.oem4f (.text:ti_sysbios_gates_GateMutex_Handle__label__S)
                  00006084    0000001a     empty_min_pem4f.oem4f (.text:ti_sysbios_heaps_HeapMem_Handle__label__S)
                  0000609e    0000001a     empty_min_pem4f.oem4f (.text:ti_sysbios_knl_Swi_Handle__label__S)
                  000060b8    0000001a     empty_min_pem4f.oem4f (.text:ti_sysbios_knl_Task_Handle__label__S)
                  000060d2    0000001a     empty_min_pem4f.oem4f (.text:xdc_runtime_System_aprintf__E)
                  000060ec    0000001a     empty_min_pem4f.oem4f (.text:xdc_runtime_System_printf__E)
                  00006106    00000018     driverlib.lib : adc.obj (.text:ADCProcessorTrigger)
                  0000611e    00000018                   : gpio.obj (.text:GPIOPinTypeGPIOOutput)
                  00006136    00000002     --HOLE-- [fill = 0]
                  00006138    00000018     rtsv7M4_T_le_v4SPD16_eabi.lib : args_main.obj (.text)
                  00006150    00000018                                   : strcmp.obj (.text)
                  00006168    00000018     empty_min_pem4f.oem4f (.text:ti_sysbios_BIOS_rtsUnlock__I)
                  00006180    00000018     empty_min_pem4f.oem4f (.text:ti_sysbios_family_arm_lm4_Timer_Module__startupDone__F)
                  00006198    00000018     empty_min_pem4f.oem4f (.text:ti_sysbios_family_arm_m3_Hwi_Module__startupDone__F)
                  000061b0    00000018     sysbios.aem4f : m3_TaskSupport_asm.obj (.text:ti_sysbios_family_arm_m3_TaskSupport_swap__E)
                  000061c8    00000018                   : BIOS.obj (.text:ti_sysbios_gates_GateMutex_leave__E)
                  000061e0    00000018     ti.targets.arm.rtsarm.aem4f : Error.oem4f (.text:xdc_runtime_Error_check__E)
                  000061f8    00000018                                 : System.oem4f (.text:xdc_runtime_System_exit__E)
                  00006210    00000018                                 : Text.oem4f (.text:xdc_runtime_Text_ropeText__E)
                  00006228    00000016     empty_min_pem4f.oem4f (.text:ti_sysbios_BIOS_exitFunc__I)
                  0000623e    00000002     --HOLE-- [fill = 0]
                  00006240    00000016     sysbios.aem4f : BIOS.obj (.text:ti_sysbios_knl_Task_unblock__E)
                  00006256    00000002     --HOLE-- [fill = 0]
                  00006258    00000014     driverlib.lib : sysctl.obj (.text:SysCtlPWMClockSet)
                  0000626c    00000014                   : uart.obj (.text:UARTEnable)
                  00006280    00000014     rtsv7M4_T_le_v4SPD16_eabi.lib : _lock.obj (.text)
                  00006294    00000014                                   : strcpy.obj (.text)
                  000062a8    00000014                                   : strlen.obj (.text)
                  000062bc    00000014     empty_min_pem4f.oem4f (.text:ti_sysbios_family_arm_m3_Hwi_Object__get__S)
                  000062d0    00000014     sysbios.aem4f : BIOS.obj (.text:ti_sysbios_family_arm_m3_Hwi_switchFromBootStack__E)
                  000062e4    00000014     empty_min_pem4f.oem4f (.text:ti_sysbios_heaps_HeapMem_Object__get__S)
                  000062f8    00000014     empty_min_pem4f.oem4f (.text:ti_sysbios_knl_Swi_Object__get__S)
                  0000630c    00000012     driverlib.lib : gpio.obj (.text:GPIOPinTypeADC)
                  0000631e    00000012                   : gpio.obj (.text:GPIOPinTypePWM)
                  00006330    00000012                   : gpio.obj (.text:GPIOPinTypeUART)
                  00006342    00000012                   : pwm.obj (.text:PWMOutputState)
                  00006354    00000012                   : timer.obj (.text:TimerLoadSet)
                  00006366    00000002     --HOLE-- [fill = 0]
                  00006368    00000012     sysbios.aem4f : BIOS.obj (.text:ti_sysbios_hal_Hwi_Module_startup__E)
                  0000637a    00000012     empty_min_pem4f.oem4f (.text:xdc_runtime_Startup_exec__I)
                  0000638c    00000010     driverlib.lib : adc.obj (.text:ADCIntEnable)
                  0000639c    00000010                   : fpu.obj (.text:FPUEnable)
                  000063ac    00000010                   : fpu.obj (.text:FPULazyStackingEnable)
                  000063bc    00000010                   : interrupt.obj (.text:IntMasterEnable)
                  000063cc    00000010                   : pwm.obj (.text:PWMGenPeriodSet)
                  000063dc    00000004     --HOLE-- [fill = 0]
                  000063e0    00000010     sysbios.aem4f : BIOS.obj (.text:ti_sysbios_BIOS_setThreadType__E)
                  000063f0    00000010                   : BIOS.obj (.text:ti_sysbios_BIOS_start__E)
                  00006400    00000010                   : m3_TaskSupport_asm.obj (.text:ti_sysbios_family_arm_m3_TaskSupport_glue)
                  00006410    00000010                   : BIOS.obj (.text:ti_sysbios_gates_GateMutex_Instance_finalize__E)
                  00006420    00000010                   : BIOS.obj (.text:ti_sysbios_knl_Semaphore_Instance_finalize__E)
                  00006430    00000010                   : BIOS.obj (.text:ti_sysbios_knl_Swi_disable__E)
                  00006440    00000010     empty_min_pem4f.oem4f (.text:ti_sysbios_knl_Task_Object__get__S)
                  00006450    00000010     sysbios.aem4f : BIOS.obj (.text:ti_sysbios_knl_Task_disable__E)
                  00006460    00000010     ti.targets.arm.rtsarm.aem4f : Gate.oem4f (.text:xdc_runtime_Gate_leaveSystem__E)
                  00006470    00000010                                 : Memory.oem4f (.text:xdc_runtime_Memory_free__E)
                  00006480    00000010                                 : SysMin.oem4f (.text:xdc_runtime_SysMin_ready__E)
                  00006490    00000010                                 : System.oem4f (.text:xdc_runtime_System_vsnprintf__E)
                  000064a0    00000010     empty_min_pem4f.oem4f (.text:xdc_runtime_Text_visitRope__I)
                  000064b0    0000000e     driverlib.lib : adc.obj (.text:ADCSequenceDisable)
                  000064be    0000000e                   : adc.obj (.text:ADCSequenceEnable)
                  000064cc    0000000e                   : timer.obj (.text:TimerEnable)
                  000064da    0000000e                   : uart.obj (.text:UARTCharGetNonBlocking)
                  000064e8    0000000e                   : uart.obj (.text:UARTCharPutNonBlocking)
                  000064f6    0000000e     rtsv7M4_T_le_v4SPD16_eabi.lib : copy_decompress_none.obj (.text:decompress:none)
                  00006504    00000004     --HOLE-- [fill = 0]
                  00006508    0000000e     sysbios.aem4f : BIOS.obj (.text:ti_sysbios_knl_Queue_empty__E)
                  00006516    00000002     --HOLE-- [fill = 0]
                  00006518    0000000c     empty_min_pem4f.oem4f (.text:.bootCodeSection:ti_catalog_arm_cortexm4_tiva_ce_Boot_init__I)
                  00006524    0000000c     driverlib.lib : cpu.obj (.text:CPUcpsie)
                  00006530    0000000c                   : pwm.obj (.text:PWMGenEnable)
                  0000653c    0000000c                   : uart.obj (.text:UARTCharsAvail)
                  00006548    0000000c     rtsv7M4_T_le_v4SPD16_eabi.lib : copy_zero_init.obj (.text:decompress:ZI)
                  00006554    00000004     --HOLE-- [fill = 0]
                  00006558    0000000c     sysbios.aem4f : BIOS.obj (.text:ti_sysbios_family_arm_lm4_Timer_getMaxTicks__E)
                  00006564    00000004     --HOLE-- [fill = 0]
                  00006568    0000000c                   : BIOS.obj (.text:ti_sysbios_gates_GateHwi_enter__E)
                  00006574    0000000c     empty_min_pem4f.oem4f (.text:ti_sysbios_knl_Queue_Object__get__S)
                  00006580    0000000c     ti.targets.arm.rtsarm.aem4f : Error.oem4f (.text:xdc_runtime_Error_init__E)
                  0000658c    0000000c                                 : Gate.oem4f (.text:xdc_runtime_Gate_enterSystem__E)
                  00006598    0000000c                                 : Memory.oem4f (.text:xdc_runtime_Memory_calloc__E)
                  000065a4    0000000c                                 : Memory.oem4f (.text:xdc_runtime_Memory_getMaxDefaultTypeAlign__E)
                  000065b0    0000000a     driverlib.lib : adc.obj (.text:ADCIntClear)
                  000065ba    0000000a                   : uart.obj (.text:UARTIntStatus)
                  000065c4    0000000a     empty_min_pem4f.oem4f (.text:xdc_runtime_IHeap_alloc)
                  000065ce    0000000a     empty_min_pem4f.oem4f (.text:xdc_runtime_IHeap_free)
                  000065d8    00000008     driverlib.lib : timer.obj (.text:TimerIntEnable)
                  000065e0    00000008                   : uart.obj (.text:UARTIntEnable)
                  000065e8    00000008     sysbios.aem4f : BIOS.obj (.text:ti_sysbios_family_arm_lm4_Timer_masterDisable__I)
                  000065f0    00000008                   : BIOS.obj (.text:ti_sysbios_family_arm_m3_Hwi_doSwiRestore__I)
                  000065f8    00000008                   : BIOS.obj (.text:ti_sysbios_family_arm_m3_Hwi_startup__E)
                  00006600    00000006     rtsv7M4_T_le_v4SPD16_eabi.lib : copy_decompress_rle.obj (.text:decompress:rle24)
                  00006606    00000006     Boot.aem4f : Boot_sysctl.oem4f (.text:ti_catalog_arm_cortexm4_tiva_ce_Boot_sysCtlDelayI__I)
                  0000660c    00000004     --HOLE-- [fill = 0]
                  00006610    00000006     sysbios.aem4f : BIOS.obj (.text:ti_sysbios_family_arm_m3_Hwi_doTaskRestore__I)
                  00006616    00000002     --HOLE-- [fill = 0]
                  00006618    00000006                   : BIOS.obj (.text:ti_sysbios_gates_GateHwi_leave__E)
                  0000661e    00000002     --HOLE-- [fill = 0]
                  00006620    00000006                   : BIOS.obj (.text:ti_sysbios_heaps_HeapMem_isBlocking__E)
                  00006626    00000002     --HOLE-- [fill = 0]
                  00006628    00000006                   : BIOS.obj (.text:ti_sysbios_knl_Queue_Instance_init__E)
                  0000662e    00000002     --HOLE-- [fill = 0]
                  00006630    00000006                   : BIOS.obj (.text:ti_sysbios_knl_Swi_startup__E)
                  00006636    00000006     ti.targets.arm.rtsarm.aem4f : System.oem4f (.text:xdc_runtime_System_Module_startup__E)
                  0000663c    00000004     --HOLE-- [fill = 0]
                  00006640    00000004     sysbios.aem4f : BIOS.obj (.text:ti_sysbios_gates_GateHwi_query__E)
                  00006644    00000004     --HOLE-- [fill = 0]
                  00006648    00000004                   : BIOS.obj (.text:ti_sysbios_gates_GateMutex_query__E)
                  0000664c    00000004     --HOLE-- [fill = 0]
                  00006650    00000004                   : BIOS.obj (.text:ti_sysbios_knl_Task_startup__E)
                  00006654    00000004     --HOLE-- [fill = 0]
                  00006658    00000002                   : BIOS.obj (.text:ti_sysbios_gates_GateHwi_Instance_init__E)
                  0000665a    00000006     --HOLE-- [fill = 0]
                  00006660    00000002                   : BIOS.obj (.text:ti_sysbios_knl_Clock_logTick__E)

.const     0    00006668    00001f63     
                  00006668    000018e2     empty_min_pem4f.oem4f (.const:xdc_runtime_Text_charTab__A)
                  00007f4a    000000bc     empty_min_pem4f.oem4f (.const:xdc_runtime_Text_nodeTab__A)
                  00008006    00000002     empty_min_pem4f.oem4f (.const:ti_catalog_arm_cortexm4_tiva_ce_Boot_Module__id__C)
                  00008008    00000090     driverlib.lib : gpio.obj (.const:g_pui32GPIOBaseAddrs)
                  00008098    00000070                   : interrupt.obj (.const)
                  00008108    0000006c                   : sysctl.obj (.const:g_pui32Xtals)
                  00008174    00000048     empty_min_pem4f.oem4f (.const:.string)
                  000081bc    00000004     empty_min_pem4f.oem4f (.const:ti_catalog_arm_cortexm4_tiva_ce_Boot_A_mustUseEnhancedClockMode__C)
                  000081c0    00000048     rtsv7M4_T_le_v4SPD16_eabi.lib : xexp.obj (.const)
                  00008208    00000038                                   : xlog.obj (.const:p)
                  00008240    00000030                                   : xdint.obj (.const)
                  00008270    0000002c     empty_min_pem4f.oem4f (.const)
                  0000829c    00000028     empty_min_pem4f.oem4f (.const:ti_sysbios_heaps_HeapMem_Module__FXNS__C)
                  000082c4    00000024     empty_min_pem4f.oem4f (.const:ti_sysbios_gates_GateHwi_Module__FXNS__C)
                  000082e8    00000024     empty_min_pem4f.oem4f (.const:ti_sysbios_gates_GateMutex_Module__FXNS__C)
                  0000830c    00000024     empty_min_pem4f.oem4f (.const:ti_sysbios_heaps_HeapMem_Object__PARAMS__C)
                  00008330    00000024     empty_min_pem4f.oem4f (.const:ti_sysbios_knl_Semaphore_Object__PARAMS__C)
                  00008354    00000020     empty_min_pem4f.oem4f (.const:ti_sysbios_gates_GateHwi_Object__DESC__C)
                  00008374    00000020     empty_min_pem4f.oem4f (.const:ti_sysbios_gates_GateMutex_Object__DESC__C)
                  00008394    00000020     empty_min_pem4f.oem4f (.const:ti_sysbios_heaps_HeapMem_Object__DESC__C)
                  000083b4    00000020     empty_min_pem4f.oem4f (.const:ti_sysbios_knl_Queue_Object__DESC__C)
                  000083d4    00000020     empty_min_pem4f.oem4f (.const:ti_sysbios_knl_Semaphore_Object__DESC__C)
                  000083f4    00000020     empty_min_pem4f.oem4f (.const:xdc_runtime_Startup_sfxnTab__A)
                  00008414    00000018     empty_min_pem4f.oem4f (.const:ti_sysbios_gates_GateHwi_Object__PARAMS__C)
                  0000842c    00000018     empty_min_pem4f.oem4f (.const:ti_sysbios_gates_GateMutex_Object__PARAMS__C)
                  00008444    00000018     empty_min_pem4f.oem4f (.const:ti_sysbios_knl_Queue_Object__PARAMS__C)
                  0000845c    00000014     empty_min_pem4f.oem4f (.const:xdc_runtime_Startup_firstFxns__A)
                  00008470    00000010     empty_min_pem4f.oem4f (.const:xdc_runtime_Startup_sfxnRts__A)
                  00008480    00000008     empty_min_pem4f.oem4f (.const:ti_sysbios_family_arm_m3_Hwi_excHookFuncs__A)
                  00008488    00000008     empty_min_pem4f.oem4f (.const:ti_sysbios_knl_Idle_funcList__C)
                  00008490    00000008     empty_min_pem4f.oem4f (.const:xdc_runtime_Startup_firstFxns__C)
                  00008498    00000008     empty_min_pem4f.oem4f (.const:xdc_runtime_Startup_lastFxns__C)
                  000084a0    00000004     empty_min_pem4f.oem4f (.const:ti_catalog_arm_cortexm4_tiva_ce_Boot_Module__diagsEnabled__C)
                  000084a4    00000004     empty_min_pem4f.oem4f (.const:ti_catalog_arm_cortexm4_tiva_ce_Boot_Module__diagsIncluded__C)
                  000084a8    00000004     empty_min_pem4f.oem4f (.const:ti_catalog_arm_cortexm4_tiva_ce_Boot_Module__diagsMask__C)
                  000084ac    00000004     empty_min_pem4f.oem4f (.const:ti_sysbios_family_arm_lm4_Timer_enableFunc__C)
                  000084b0    00000004     empty_min_pem4f.oem4f (.const:ti_sysbios_family_arm_lm4_Timer_numTimerDevices__C)
                  000084b4    00000004     empty_min_pem4f.oem4f (.const:ti_sysbios_family_arm_lm4_Timer_startupNeeded__C)
                  000084b8    00000004     empty_min_pem4f.oem4f (.const:ti_sysbios_family_arm_m3_Hwi_E_NMI__C)
                  000084bc    00000004     empty_min_pem4f.oem4f (.const:ti_sysbios_family_arm_m3_Hwi_E_busFault__C)
                  000084c0    00000004     empty_min_pem4f.oem4f (.const:ti_sysbios_family_arm_m3_Hwi_E_debugMon__C)
                  000084c4    00000004     empty_min_pem4f.oem4f (.const:ti_sysbios_family_arm_m3_Hwi_E_hardFault__C)
                  000084c8    00000004     empty_min_pem4f.oem4f (.const:ti_sysbios_family_arm_m3_Hwi_E_memFault__C)
                  000084cc    00000004     empty_min_pem4f.oem4f (.const:ti_sysbios_family_arm_m3_Hwi_E_noIsr__C)
                  000084d0    00000004     empty_min_pem4f.oem4f (.const:ti_sysbios_family_arm_m3_Hwi_E_reserved__C)
                  000084d4    00000004     empty_min_pem4f.oem4f (.const:ti_sysbios_family_arm_m3_Hwi_E_svCall__C)
                  000084d8    00000004     empty_min_pem4f.oem4f (.const:ti_sysbios_family_arm_m3_Hwi_E_usageFault__C)
                  000084dc    00000004     empty_min_pem4f.oem4f (.const:ti_sysbios_family_arm_m3_Hwi_NUM_INTERRUPTS__C)
                  000084e0    00000004     empty_min_pem4f.oem4f (.const:ti_sysbios_family_arm_m3_Hwi_Object__count__C)
                  000084e4    00000004     empty_min_pem4f.oem4f (.const:ti_sysbios_family_arm_m3_Hwi_ccr__C)
                  000084e8    00000004     empty_min_pem4f.oem4f (.const:ti_sysbios_family_arm_m3_Hwi_excHandlerFunc__C)
                  000084ec    00000004     empty_min_pem4f.oem4f (.const:ti_sysbios_family_arm_m3_Hwi_excHookFuncs__C)
                  000084f0    00000004     empty_min_pem4f.oem4f (.const:ti_sysbios_family_arm_m3_Hwi_nullIsrFunc__C)
                  000084f4    00000004     empty_min_pem4f.oem4f (.const:ti_sysbios_family_arm_m3_Hwi_priGroup__C)
                  000084f8    00000004     empty_min_pem4f.oem4f (.const:ti_sysbios_gates_GateMutex_Instance_State_sem__O)
                  000084fc    00000004     empty_min_pem4f.oem4f (.const:ti_sysbios_heaps_HeapMem_E_memory__C)
                  00008500    00000004     empty_min_pem4f.oem4f (.const:ti_sysbios_heaps_HeapMem_Module__gateObj__C)
                  00008504    00000004     empty_min_pem4f.oem4f (.const:ti_sysbios_heaps_HeapMem_Object__count__C)
                  00008508    00000004     empty_min_pem4f.oem4f (.const:ti_sysbios_heaps_HeapMem_reqAlign__C)
                  0000850c    00000004     empty_min_pem4f.oem4f (.const:ti_sysbios_knl_Clock_Module_State_clockQ__O)
                  00008510    00000004     empty_min_pem4f.oem4f (.const:ti_sysbios_knl_Semaphore_Instance_State_pendQ__O)
                  00008514    00000004     empty_min_pem4f.oem4f (.const:ti_sysbios_knl_Swi_Object__count__C)
                  00008518    00000004     empty_min_pem4f.oem4f (.const:ti_sysbios_knl_Task_Module_State_inactiveQ__O)
                  0000851c    00000004     empty_min_pem4f.oem4f (.const:ti_sysbios_knl_Task_Object__count__C)
                  00008520    00000004     empty_min_pem4f.oem4f (.const:ti_sysbios_knl_Task_allBlockedFunc__C)
                  00008524    00000004     empty_min_pem4f.oem4f (.const:ti_sysbios_knl_Task_numConstructedTasks__C)
                  00008528    00000004     empty_min_pem4f.oem4f (.const:xdc_runtime_Assert_E_assertFailed__C)
                  0000852c    00000004     empty_min_pem4f.oem4f (.const:xdc_runtime_Core_A_initializedParams__C)
                  00008530    00000004     empty_min_pem4f.oem4f (.const:xdc_runtime_Core_Module__diagsEnabled__C)
                  00008534    00000004     empty_min_pem4f.oem4f (.const:xdc_runtime_Core_Module__diagsIncluded__C)
                  00008538    00000004     empty_min_pem4f.oem4f (.const:xdc_runtime_Core_Module__diagsMask__C)
                  0000853c    00000004     empty_min_pem4f.oem4f (.const:xdc_runtime_Error_E_memory__C)
                  00008540    00000004     empty_min_pem4f.oem4f (.const:xdc_runtime_Error_Module__diagsEnabled__C)
                  00008544    00000004     empty_min_pem4f.oem4f (.const:xdc_runtime_Error_Module__diagsIncluded__C)
                  00008548    00000004     empty_min_pem4f.oem4f (.const:xdc_runtime_Error_Module__diagsMask__C)
                  0000854c    00000004     empty_min_pem4f.oem4f (.const:xdc_runtime_Error_Module__loggerFxn8__C)
                  00008550    00000004     empty_min_pem4f.oem4f (.const:xdc_runtime_Error_Module__loggerObj__C)
                  00008554    00000004     empty_min_pem4f.oem4f (.const:xdc_runtime_Error_policyFxn__C)
                  00008558    00000004     empty_min_pem4f.oem4f (.const:xdc_runtime_Error_raiseHook__C)
                  0000855c    00000004     empty_min_pem4f.oem4f (.const:xdc_runtime_IGateProvider_Interface__BASE__C)
                  00008560    00000004     empty_min_pem4f.oem4f (.const:xdc_runtime_IHeap_Interface__BASE__C)
                  00008564    00000004     empty_min_pem4f.oem4f (.const:xdc_runtime_IModule_Interface__BASE__C)
                  00008568    00000004     empty_min_pem4f.oem4f (.const:xdc_runtime_Log_L_error__C)
                  0000856c    00000004     empty_min_pem4f.oem4f (.const:xdc_runtime_Memory_defaultHeapInstance__C)
                  00008570    00000004     empty_min_pem4f.oem4f (.const:xdc_runtime_Startup_execImpl__C)
                  00008574    00000004     empty_min_pem4f.oem4f (.const:xdc_runtime_Startup_maxPasses__C)
                  00008578    00000004     empty_min_pem4f.oem4f (.const:xdc_runtime_Startup_sfxnRts__C)
                  0000857c    00000004     empty_min_pem4f.oem4f (.const:xdc_runtime_Startup_sfxnTab__C)
                  00008580    00000004     empty_min_pem4f.oem4f (.const:xdc_runtime_SysMin_bufSize__C)
                  00008584    00000004     empty_min_pem4f.oem4f (.const:xdc_runtime_SysMin_outputFunc__C)
                  00008588    00000004     empty_min_pem4f.oem4f (.const:xdc_runtime_System_Module__gateObj__C)
                  0000858c    00000004     empty_min_pem4f.oem4f (.const:xdc_runtime_System_abortFxn__C)
                  00008590    00000004     empty_min_pem4f.oem4f (.const:xdc_runtime_System_exitFxn__C)
                  00008594    00000004     empty_min_pem4f.oem4f (.const:xdc_runtime_System_extendFxn__C)
                  00008598    00000004     empty_min_pem4f.oem4f (.const:xdc_runtime_System_maxAtexitHandlers__C)
                  0000859c    00000004     empty_min_pem4f.oem4f (.const:xdc_runtime_Text_charTab__C)
                  000085a0    00000004     empty_min_pem4f.oem4f (.const:xdc_runtime_Text_nameEmpty__C)
                  000085a4    00000004     empty_min_pem4f.oem4f (.const:xdc_runtime_Text_nameStatic__C)
                  000085a8    00000004     empty_min_pem4f.oem4f (.const:xdc_runtime_Text_nameUnknown__C)
                  000085ac    00000004     empty_min_pem4f.oem4f (.const:xdc_runtime_Text_nodeTab__C)
                  000085b0    00000004     empty_min_pem4f.oem4f (.const:xdc_runtime_Text_visitRopeFxn__C)
                  000085b4    00000002     empty_min_pem4f.oem4f (.const:ti_sysbios_family_arm_m3_Hwi_Module__id__C)
                  000085b6    00000002     empty_min_pem4f.oem4f (.const:ti_sysbios_heaps_HeapMem_Module__id__C)
                  000085b8    00000002     empty_min_pem4f.oem4f (.const:xdc_runtime_Core_Module__id__C)
                  000085ba    00000002     empty_min_pem4f.oem4f (.const:xdc_runtime_Error_Module__loggerDefined__C)
                  000085bc    00000002     empty_min_pem4f.oem4f (.const:xdc_runtime_Error_maxDepth__C)
                  000085be    00000002     empty_min_pem4f.oem4f (.const:xdc_runtime_Memory_Module__id__C)
                  000085c0    00000002     empty_min_pem4f.oem4f (.const:xdc_runtime_SysMin_flushAtExit__C)
                  000085c2    00000002     empty_min_pem4f.oem4f (.const:xdc_runtime_Text_charCnt__C)
                  000085c4    00000002     empty_min_pem4f.oem4f (.const:xdc_runtime_Text_isLoaded__C)
                  000085c6    00000002     empty_min_pem4f.oem4f (.const:xdc_runtime_Text_registryModsLastId__C)
                  000085c8    00000002     empty_min_pem4f.oem4f (.const:xdc_runtime_Text_unnamedModsLastId__C)
                  000085ca    00000001     empty_min_pem4f.oem4f (.const:xdc_runtime_Error_policy__C)

.cinit     0    000085d0    000004b8     
                  000085d0    0000047e     (.cinit..data.load) [load image, compression = rle]
                  00008a4e    00000002     --HOLE-- [fill = 0]
                  00008a50    0000000c     (__TI_handler_table)
                  00008a5c    00000004     --HOLE-- [fill = 0]
                  00008a60    00000008     (.cinit..bss.load) [load image, compression = zero_init]
                  00008a68    00000008     (.cinit..vecs.load) [load image, compression = zero_init]
                  00008a70    00000018     (__TI_cinit_table)

.init_array 
*          0    00000000    00000000     UNINITIALIZED

.resetVecs 
*          0    00000000    0000003c     
                  00000000    0000003c     empty_min_pem4f.oem4f (.resetVecs)

.vecs      0    20000000    00000360     UNINITIALIZED
                  20000000    00000360     empty_min_pem4f.oem4f (.vecs)

.bss       0    20000360    00000f2c     UNINITIALIZED
                  20000360    00000600     empty_min_pem4f.oem4f (.bss:taskStackSection)
                  20000960    00000400     empty_min_pem4f.oem4f (.bss:ti_sysbios_heaps_HeapMem_Instance_State_0_buf__A)
                  20000d60    00000360     empty_min_pem4f.oem4f (.bss:ti_sysbios_family_arm_m3_Hwi_dispatchTable)
                  200010c0    00000120     rtsv7M4_T_le_v4SPD16_eabi.lib : trgmsg.obj (.bss:__CIOBUF_)
                  200011e0    00000080     empty_min_pem4f.oem4f (.bss:xdc_runtime_SysMin_Module_State_0_outbuf__A)
                  20001260    00000008     (.common:parmbuf)
                  20001268    00000004     (.common:ADCAvVal)
                  2000126c    00000004     (.common:ADCAvVal2)
                  20001270    00000004     (.common:front_distance)
                  20001274    00000004     (.common:input_cmd)
                  20001278    00000004     (.common:right_distance)
                  2000127c    00000004     (.common:ui32Load)
                  20001280    00000004     (.common:ui32PWMClock)
                  20001284    00000004     (.common:volts1)
                  20001288    00000004     (.common:volts2)

.data      0    20001290    00000788     UNINITIALIZED
                  20001290    00000104     empty_min_pem4f.oem4f (.data)
                  20001394    000000e4     empty_min_pem4f.oem4f (.data:ti_sysbios_knl_Task_Object__table__V)
                  20001478    000000b0     rtsv7M4_T_le_v4SPD16_eabi.lib : signal.obj (.data:sigtable)
                  20001528    00000090     empty_min_pem4f.oem4f (.data:ti_sysbios_family_arm_m3_Hwi_Object__table__V)
                  200015b8    00000080     rtsv7M4_T_le_v4SPD16_eabi.lib : xvalues.obj (.data)
                  20001638    00000080     empty_min_pem4f.oem4f (.data:ti_sysbios_knl_Swi_Module_State_0_readyQ__A)
                  200016b8    00000080     empty_min_pem4f.oem4f (.data:ti_sysbios_knl_Task_Module_State_0_readyQ__A)
                  20001738    00000068     rtsv7M4_T_le_v4SPD16_eabi.lib : xfvalues.obj (.data)
                  200017a0    00000054     main.obj (.data)
                  200017f4    00000044     empty_min_pem4f.oem4f (.data:ti_sysbios_knl_Task_Module__state__V)
                  20001838    00000040     empty_min_pem4f.oem4f (.data:ti_sysbios_family_arm_lm4_Timer_Object__table__V)
                  20001878    0000003c     empty_min_pem4f.oem4f (.data:ti_sysbios_knl_Semaphore_Object__table__V)
                  200018b4    00000038     empty_min_pem4f.oem4f (.data:ti_sysbios_gates_GateMutex_Object__table__V)
                  200018ec    00000034     empty_min_pem4f.oem4f (.data:ti_sysbios_family_arm_m3_Hwi_Module__state__V)
                  20001920    00000030     empty_min_pem4f.oem4f (.data:ti_sysbios_family_arm_lm4_Timer_Module_State_0_device__A)
                  20001950    00000030     empty_min_pem4f.oem4f (.data:ti_sysbios_knl_Swi_Object__table__V)
                  20001980    0000002c     empty_min_pem4f.oem4f (.data:ti_sysbios_knl_Clock_Module__state__V)
                  200019ac    00000028     empty_min_pem4f.oem4f (.data:ti_sysbios_hal_Hwi_Object__table__V)
                  200019d4    00000024     empty_min_pem4f.oem4f (.data:ti_sysbios_BIOS_Module__state__V)
                  200019f8    00000008     rtsv7M4_T_le_v4SPD16_eabi.lib : _lock.obj (.data)
                  20001a00    00000008                                   : exit.obj (.data)
                  20001a08    00000008                                   : feraiseexcept.obj (.data)
                  20001a10    00000004                                   : errno.obj (.data)
                  20001a14    00000004                                   : stkdepth_vars.obj (.data)

.stack     0    20001a18    00000300     UNINITIALIZED
                  20001a18    00000300     --HOLE--

.bootVecs 
*          0    00000000    00000008     DSECT
                  00000000    00000008     boot.aem4f : boot.oem4f (.bootVecs)

xdc.meta   0    00000000    000000d5     COPY SECTION
                  00000000    000000d5     empty_min_pem4f.oem4f (xdc.meta)

.TI.noinit 
*          0    20000360    00000000     UNINITIALIZED

.TI.persistent 
*          0    20001290    00000000     UNINITIALIZED


LINKER GENERATED COPY TABLES

__TI_cinit_table @ 00008a70 records: 3, size/record: 8, table size: 24
	.data: load addr=000085d0, load size=0000047e bytes, run addr=20001290, run size=00000788 bytes, compression=rle
	.bss: load addr=00008a60, load size=00000008 bytes, run addr=20000360, run size=00000f2c bytes, compression=zero_init
	.vecs: load addr=00008a68, load size=00000008 bytes, run addr=20000000, run size=00000360 bytes, compression=zero_init


LINKER GENERATED HANDLER TABLE

__TI_handler_table @ 00008a50 records: 3, size/record: 4, table size: 12
	index: 0, handler: __TI_decompress_rle24
	index: 1, handler: __TI_decompress_none
	index: 2, handler: __TI_zero_init


GLOBAL SYMBOLS: SORTED ALPHABETICALLY BY Name 

address   name                                                              
-------   ----                                                              
20001268  ADCAvVal                                                          
2000126c  ADCAvVal2                                                         
000065b1  ADCIntClear                                                       
0000638d  ADCIntEnable                                                      
00006107  ADCProcessorTrigger                                               
00005ec5  ADCSeq2IntHandler                                                 
00008288  ADCSeq2Interrupt                                                  
00005ee1  ADCSeq3IntHandler                                                 
00008284  ADCSeq3Interrupt                                                  
00005311  ADCSequenceConfigure                                              
00005e69  ADCSequenceDataGet                                                
000064b1  ADCSequenceDisable                                                
000064bf  ADCSequenceEnable                                                 
00003e85  ADCSequenceStepConfigure                                          
00003319  ADC_init                                                          
00004fe1  C$$EXIT                                                           
0000445f  C$$IO$$                                                           
00006525  CPUcpsie                                                          
0000639d  FPUEnable                                                         
000063ad  FPULazyStackingEnable                                             
00005a59  GPIODirModeSet                                                    
0000233f  GPIOPadConfigSet                                                  
00004d9d  GPIOPinConfigure                                                  
0000630d  GPIOPinTypeADC                                                    
0000611f  GPIOPinTypeGPIOOutput                                             
0000631f  GPIOPinTypePWM                                                    
00006331  GPIOPinTypeUART                                                   
0000355b  GPIOPinWrite                                                      
000011cd  HOSTclock                                                         
00001195  HOSTclose                                                         
00001157  HOSTgetenv                                                        
000010fb  HOSTlseek                                                         
000010a9  HOSTopen                                                          
0000105d  HOSTread                                                          
00000fff  HOSTrename                                                        
00000fc5  HOSTtime                                                          
00000f8d  HOSTunlink                                                        
00000f41  HOSTwrite                                                         
000043c9  IntEnable                                                         
000063bd  IntMasterEnable                                                   
200017d4  Kd                                                                
200017d0  Ki                                                                
200017cc  Kp                                                                
00005c99  PWMGenConfigure                                                   
00006531  PWMGenEnable                                                      
000063cd  PWMGenPeriodSet                                                   
00006343  PWMOutputState                                                    
00005e87  PWMPulseWidthSet                                                  
00001f99  PWM_init                                                          
UNDEFED   SHT$$INIT_ARRAY$$Base                                             
UNDEFED   SHT$$INIT_ARRAY$$Limit                                            
00002699  SysCtlClockGet                                                    
00003091  SysCtlClockSet                                                    
00003d7b  SysCtlDelay                                                       
00006259  SysCtlPWMClockSet                                                 
00005599  SysCtlPeripheralEnable                                            
0000540d  SysCtlPeripheralReady                                             
00005efd  Timer1AIntHandler                                                 
00008270  Timer1AInterrupt                                                  
000049d1  Timer1A_init                                                      
00004635  TimerConfigure                                                    
000064cd  TimerEnable                                                       
0000161d  TimerIntClear                                                     
000065d9  TimerIntEnable                                                    
00006355  TimerLoadSet                                                      
00004de5  UART0IntHandler                                                   
00008274  UART0Interrupt                                                    
00002bb5  UART1IntHandler                                                   
00008278  UART1Interrupt                                                    
000064db  UARTCharGetNonBlocking                                            
000064e9  UARTCharPutNonBlocking                                            
0000653d  UARTCharsAvail                                                    
000051c9  UARTConfigSetExpClk                                               
00005f19  UARTDisable                                                       
0000626d  UARTEnable                                                        
00001ce5  UARTIntClear                                                      
000065e1  UARTIntEnable                                                     
000065bb  UARTIntStatus                                                     
000036dd  UART_init                                                         
200015b8  _Denorm                                                           
000033dd  _Dint                                                             
0000349d  _Dnorm                                                            
00002589  _Dscale                                                           
00004499  _Dunscale                                                         
200015c8  _Eps                                                              
20001a10  _Errno                                                            
00001421  _Exp                                                              
20001738  _FDenorm                                                          
20001748  _FEps                                                             
20001758  _FInf                                                             
20001768  _FNan                                                             
20001788  _FRteps                                                           
20001778  _FSnan                                                            
20001798  _FXbig                                                            
2000179c  _FZero                                                            
20001a08  _Fenv                                                             
000056d5  _Feraise                                                          
200015d8  _Hugeval                                                          
200015e8  _Inf                                                              
00000c55  _Log                                                              
200015f8  _Nan                                                              
20001618  _Rteps                                                            
20001608  _Snan                                                             
20001a0c  _Tls_setup__Fenv                                                  
20001628  _Xbig                                                             
20001630  _Zero                                                             
00000000  __ASM__                                                           
200010c0  __CIOBUF_                                                         
00000053  __ISA__                                                           
00000066  __PLAT__                                                          
20001d18  __STACK_END                                                       
00000300  __STACK_SIZE                                                      
00000087  __TARG__                                                          
00008a70  __TI_CINIT_Base                                                   
00008a88  __TI_CINIT_Limit                                                  
00008a50  __TI_Handler_Table_Base                                           
00008a5c  __TI_Handler_Table_Limit                                          
00003835  __TI_auto_init                                                    
20001a00  __TI_cleanup_ptr                                                  
000064f7  __TI_decompress_none                                              
00006601  __TI_decompress_rle24                                             
20001a04  __TI_dtors_ptr                                                    
00004463  __TI_readmsg                                                      
000085d0  __TI_static_base__                                                
00004431  __TI_writemsg                                                     
00006549  __TI_zero_init                                                    
000000ad  __TRDR__                                                          
00003cf5  __aeabi_cdcmpeq                                                   
00003cf5  __aeabi_cdcmple                                                   
00004059  __aeabi_d2f                                                       
00004e2d  __aeabi_d2iz                                                      
00001827  __aeabi_dadd                                                      
00002209  __aeabi_ddiv                                                      
00002cb1  __aeabi_dmul                                                      
0000181d  __aeabi_dsub                                                      
0000547d  __aeabi_f2d                                                       
00005949  __aeabi_i2d                                                       
000019d3  __aeabi_idiv0                                                     
00003eff  __aeabi_memclr                                                    
00003eff  __aeabi_memclr4                                                   
00003eff  __aeabi_memclr8                                                   
00003975  __aeabi_memcpy                                                    
00003975  __aeabi_memcpy4                                                   
00003975  __aeabi_memcpy8                                                   
00003f01  __aeabi_memset                                                    
00003f01  __aeabi_memset4                                                   
00003f01  __aeabi_memset8                                                   
00005d05  __aeabi_ui2d                                                      
0000524d  __aeabi_uidiv                                                     
0000524d  __aeabi_uidivmod                                                  
ffffffff  __binit__                                                         
ffffffff  __c_args__                                                        
20001a18  __stack                                                           
00005cbb  __xdc__init                                                       
20001390  __xdc__init__addr                                                 
00006139  _args_main                                                        
00004871  _c_int00                                                          
200019f8  _lock                                                             
0000628f  _nop                                                              
00006287  _register_lock                                                    
00006281  _register_unlock                                                  
200019fc  _unlock                                                           
00004fe5  abort                                                             
200017e4  adjustment                                                        
200017b8  baseDuty                                                          
ffffffff  binit                                                             
00008280  cmd_task                                                          
200017ac  command_char_count                                                
200017a8  command_received                                                  
0000827c  command_semaphore                                                 
00004c11  copy_in                                                           
200017c0  curr_error                                                        
200017e0  derivative                                                        
00005445  execute_cmd_task                                                  
000048c9  execute_command                                                   
000019d5  execute_front_task                                                
000028b1  execute_pid_task                                                  
00004fed  exit                                                              
000055cd  feraiseexcept                                                     
20001270  front_distance                                                    
0000828c  front_semaphore                                                   
00008298  front_task                                                        
20001274  input_cmd                                                         
200017dc  integral                                                          
200017c8  integral_error                                                    
200017a4  led_count                                                         
0000601d  log                                                               
200017e8  lookup_table                                                      
00004ad1  main                                                              
20001a14  main_func_sp                                                      
00003975  memcpy                                                            
00003f07  memset                                                            
00006451  osi_TaskDisable                                                   
000063f1  osi_start                                                         
00001215  pid_func                                                          
00008290  pid_semaphore                                                     
00008294  pid_task                                                          
200017a0  pins                                                              
00000041  pow                                                               
200017c4  prev_error                                                        
200017b0  prev_input_cmd                                                    
200017d8  proportional                                                      
00005977  raise                                                             
00004921  rightTurn                                                         
20001278  right_distance                                                    
0000520d  signal                                                            
00005d25  start                                                             
00006151  strcmp                                                            
00006295  strcpy                                                            
000062a9  strlen                                                            
200017f0  table_entries                                                     
200017bc  target_distance                                                   
000081bc  ti_catalog_arm_cortexm4_tiva_ce_Boot_A_mustUseEnhancedClockMode__C
000084a0  ti_catalog_arm_cortexm4_tiva_ce_Boot_Module__diagsEnabled__C      
000084a4  ti_catalog_arm_cortexm4_tiva_ce_Boot_Module__diagsIncluded__C     
000084a8  ti_catalog_arm_cortexm4_tiva_ce_Boot_Module__diagsMask__C         
00008006  ti_catalog_arm_cortexm4_tiva_ce_Boot_Module__id__C                
00006519  ti_catalog_arm_cortexm4_tiva_ce_Boot_init__I                      
000029b5  ti_catalog_arm_cortexm4_tiva_ce_Boot_sysCtlClockSetI__I           
00003aad  ti_catalog_arm_cortexm4_tiva_ce_Boot_sysCtlClockSet__E            
00006607  ti_catalog_arm_cortexm4_tiva_ce_Boot_sysCtlDelayI__I              
200019d4  ti_sysbios_BIOS_Module__state__V                                  
0000606b  ti_sysbios_BIOS_RtsGateProxy_Handle__label__S                     
00005bdd  ti_sysbios_BIOS_RtsGateProxy_Object__delete__S                    
00001e4d  ti_sysbios_BIOS_RtsGateProxy_enter__E                             
000027a5  ti_sysbios_BIOS_RtsGateProxy_leave__E                             
00006649  ti_sysbios_BIOS_RtsGateProxy_query__E                             
00005705  ti_sysbios_BIOS_atExitFunc__I                                     
00005b4d  ti_sysbios_BIOS_errorRaiseHook__I                                 
00006229  ti_sysbios_BIOS_exitFunc__I                                       
0000246f  ti_sysbios_BIOS_nullFunc__I                                       
00005b71  ti_sysbios_BIOS_registerRTSLock__I                                
00005b95  ti_sysbios_BIOS_removeRTSLock__I                                  
00005d45  ti_sysbios_BIOS_rtsLock__I                                        
00006169  ti_sysbios_BIOS_rtsUnlock__I                                      
000063e1  ti_sysbios_BIOS_setThreadType__E                                  
00005bb9  ti_sysbios_BIOS_startFunc__I                                      
000063f1  ti_sysbios_BIOS_start__E                                          
20001920  ti_sysbios_family_arm_lm4_Timer_Module_State_0_device__A          
20001298  ti_sysbios_family_arm_lm4_Timer_Module_State_0_handles__A         
20001290  ti_sysbios_family_arm_lm4_Timer_Module__root__V                   
00006181  ti_sysbios_family_arm_lm4_Timer_Module__startupDone__F            
00006181  ti_sysbios_family_arm_lm4_Timer_Module__startupDone__S            
200012b0  ti_sysbios_family_arm_lm4_Timer_Module__state__V                  
00004569  ti_sysbios_family_arm_lm4_Timer_Module_startup__E                 
20001838  ti_sysbios_family_arm_lm4_Timer_Object__table__V                  
000084ac  ti_sysbios_family_arm_lm4_Timer_enableFunc__C                     
00004e79  ti_sysbios_family_arm_lm4_Timer_enableTimers__I                   
00003789  ti_sysbios_family_arm_lm4_Timer_enableTiva__I                     
00006559  ti_sysbios_family_arm_lm4_Timer_getMaxTicks__E                    
00004a29  ti_sysbios_family_arm_lm4_Timer_initDevice__I                     
00005029  ti_sysbios_family_arm_lm4_Timer_isrStub__E                        
000065e9  ti_sysbios_family_arm_lm4_Timer_masterDisable__I                  
0000361d  ti_sysbios_family_arm_lm4_Timer_masterEnable__I                   
000084b0  ti_sysbios_family_arm_lm4_Timer_numTimerDevices__C                
000027a9  ti_sysbios_family_arm_lm4_Timer_start__E                          
000084b4  ti_sysbios_family_arm_lm4_Timer_startupNeeded__C                  
00005291  ti_sysbios_family_arm_lm4_Timer_startup__E                        
00005739  ti_sysbios_family_arm_lm4_Timer_stop__E                           
00005cc1  ti_sysbios_family_arm_lm4_Timer_write__I                          
000084b8  ti_sysbios_family_arm_m3_Hwi_E_NMI__C                             
000084bc  ti_sysbios_family_arm_m3_Hwi_E_busFault__C                        
000084c0  ti_sysbios_family_arm_m3_Hwi_E_debugMon__C                        
000084c4  ti_sysbios_family_arm_m3_Hwi_E_hardFault__C                       
000084c8  ti_sysbios_family_arm_m3_Hwi_E_memFault__C                        
000084cc  ti_sysbios_family_arm_m3_Hwi_E_noIsr__C                           
000084d0  ti_sysbios_family_arm_m3_Hwi_E_reserved__C                        
000084d4  ti_sysbios_family_arm_m3_Hwi_E_svCall__C                          
000084d8  ti_sysbios_family_arm_m3_Hwi_E_usageFault__C                      
00006037  ti_sysbios_family_arm_m3_Hwi_Handle__label__S                     
200012c4  ti_sysbios_family_arm_m3_Hwi_Module_State_0_excActive__A          
200012c8  ti_sysbios_family_arm_m3_Hwi_Module_State_0_excContext__A         
200012cc  ti_sysbios_family_arm_m3_Hwi_Module_State_0_excStack__A           
000085b4  ti_sysbios_family_arm_m3_Hwi_Module__id__C                        
200012bc  ti_sysbios_family_arm_m3_Hwi_Module__root__V                      
00006199  ti_sysbios_family_arm_m3_Hwi_Module__startupDone__F               
00006199  ti_sysbios_family_arm_m3_Hwi_Module__startupDone__S               
200018ec  ti_sysbios_family_arm_m3_Hwi_Module__state__V                     
00004b21  ti_sysbios_family_arm_m3_Hwi_Module_startup__E                    
000084dc  ti_sysbios_family_arm_m3_Hwi_NUM_INTERRUPTS__C                    
000084e0  ti_sysbios_family_arm_m3_Hwi_Object__count__C                     
000062bd  ti_sysbios_family_arm_m3_Hwi_Object__get__S                       
20001528  ti_sysbios_family_arm_m3_Hwi_Object__table__V                     
000084e4  ti_sysbios_family_arm_m3_Hwi_ccr__C                               
00004ec1  ti_sysbios_family_arm_m3_Hwi_disableInterrupt__E                  
000045d1  ti_sysbios_family_arm_m3_Hwi_dispatchC__I                         
20000d60  ti_sysbios_family_arm_m3_Hwi_dispatchTable                        
[...]
000065e1  UARTIntEnable                                                     
000065e9  ti_sysbios_family_arm_lm4_Timer_masterDisable__I                  
000065f1  ti_sysbios_family_arm_m3_Hwi_doSwiRestore__I                      
000065f9  ti_sysbios_family_arm_m3_Hwi_startup__E                           
000065f9  ti_sysbios_hal_Hwi_HwiProxy_startup__E                            
00006601  __TI_decompress_rle24                                             
00006607  ti_catalog_arm_cortexm4_tiva_ce_Boot_sysCtlDelayI__I              
00006611  ti_sysbios_family_arm_m3_Hwi_doTaskRestore__I                     
00006619  ti_sysbios_gates_GateHwi_leave__E                                 
00006621  ti_sysbios_heaps_HeapMem_isBlocking__E                            
00006629  ti_sysbios_knl_Queue_Instance_init__E                             
00006631  ti_sysbios_knl_Swi_startup__E                                     
00006637  xdc_runtime_System_Module_startup__E                              
00006641  ti_sysbios_gates_GateHwi_query__E                                 
00006641  xdc_runtime_Main_Module_GateProxy_query__E                        
00006641  xdc_runtime_System_Module_GateProxy_query__E                      
00006649  ti_sysbios_BIOS_RtsGateProxy_query__E                             
00006649  ti_sysbios_gates_GateMutex_query__E                               
00006649  ti_sysbios_heaps_HeapMem_Module_GateProxy_query__E                
00006651  ti_sysbios_knl_Task_startup__E                                    
00006659  ti_sysbios_gates_GateHwi_Instance_init__E                         
00006661  ti_sysbios_knl_Clock_logTick__E                                   
00006668  xdc_runtime_Text_charTab__A                                       
00007f4a  xdc_runtime_Text_nodeTab__A                                       
00008006  ti_catalog_arm_cortexm4_tiva_ce_Boot_Module__id__C                
000081bc  ti_catalog_arm_cortexm4_tiva_ce_Boot_A_mustUseEnhancedClockMode__C
00008270  Timer1AInterrupt                                                  
00008274  UART0Interrupt                                                    
00008278  UART1Interrupt                                                    
0000827c  command_semaphore                                                 
00008280  cmd_task                                                          
00008284  ADCSeq3Interrupt                                                  
00008288  ADCSeq2Interrupt                                                  
0000828c  front_semaphore                                                   
00008290  pid_semaphore                                                     
00008294  pid_task                                                          
00008298  front_task                                                        
0000829c  ti_sysbios_heaps_HeapMem_Module__FXNS__C                          
000082c4  ti_sysbios_gates_GateHwi_Module__FXNS__C                          
000082e8  ti_sysbios_gates_GateMutex_Module__FXNS__C                        
0000830c  ti_sysbios_heaps_HeapMem_Object__PARAMS__C                        
00008330  ti_sysbios_knl_Semaphore_Object__PARAMS__C                        
00008354  ti_sysbios_gates_GateHwi_Object__DESC__C                          
00008374  ti_sysbios_gates_GateMutex_Object__DESC__C                        
00008394  ti_sysbios_heaps_HeapMem_Object__DESC__C                          
000083b4  ti_sysbios_knl_Queue_Object__DESC__C                              
000083d4  ti_sysbios_knl_Semaphore_Object__DESC__C                          
000083f4  xdc_runtime_Startup_sfxnTab__A                                    
00008414  ti_sysbios_gates_GateHwi_Object__PARAMS__C                        
0000842c  ti_sysbios_gates_GateMutex_Object__PARAMS__C                      
00008444  ti_sysbios_knl_Queue_Object__PARAMS__C                            
0000845c  xdc_runtime_Startup_firstFxns__A                                  
00008470  xdc_runtime_Startup_sfxnRts__A                                    
00008480  ti_sysbios_family_arm_m3_Hwi_excHookFuncs__A                      
00008488  ti_sysbios_knl_Idle_funcList__C                                   
00008490  xdc_runtime_Startup_firstFxns__C                                  
00008498  xdc_runtime_Startup_lastFxns__C                                   
000084a0  ti_catalog_arm_cortexm4_tiva_ce_Boot_Module__diagsEnabled__C      
000084a4  ti_catalog_arm_cortexm4_tiva_ce_Boot_Module__diagsIncluded__C     
000084a8  ti_catalog_arm_cortexm4_tiva_ce_Boot_Module__diagsMask__C         
000084ac  ti_sysbios_family_arm_lm4_Timer_enableFunc__C                     
000084b0  ti_sysbios_family_arm_lm4_Timer_numTimerDevices__C                
000084b4  ti_sysbios_family_arm_lm4_Timer_startupNeeded__C                  
000084b8  ti_sysbios_family_arm_m3_Hwi_E_NMI__C                             
000084bc  ti_sysbios_family_arm_m3_Hwi_E_busFault__C                        
000084c0  ti_sysbios_family_arm_m3_Hwi_E_debugMon__C                        
000084c4  ti_sysbios_family_arm_m3_Hwi_E_hardFault__C                       
000084c8  ti_sysbios_family_arm_m3_Hwi_E_memFault__C                        
000084cc  ti_sysbios_family_arm_m3_Hwi_E_noIsr__C                           
000084d0  ti_sysbios_family_arm_m3_Hwi_E_reserved__C                        
000084d4  ti_sysbios_family_arm_m3_Hwi_E_svCall__C                          
000084d8  ti_sysbios_family_arm_m3_Hwi_E_usageFault__C                      
000084dc  ti_sysbios_family_arm_m3_Hwi_NUM_INTERRUPTS__C                    
000084e0  ti_sysbios_family_arm_m3_Hwi_Object__count__C                     
000084e4  ti_sysbios_family_arm_m3_Hwi_ccr__C                               
000084e8  ti_sysbios_family_arm_m3_Hwi_excHandlerFunc__C                    
000084ec  ti_sysbios_family_arm_m3_Hwi_excHookFuncs__C                      
000084f0  ti_sysbios_family_arm_m3_Hwi_nullIsrFunc__C                       
000084f4  ti_sysbios_family_arm_m3_Hwi_priGroup__C                          
000084f8  ti_sysbios_gates_GateMutex_Instance_State_sem__O                  
000084fc  ti_sysbios_heaps_HeapMem_E_memory__C                              
00008500  ti_sysbios_heaps_HeapMem_Module__gateObj__C                       
00008504  ti_sysbios_heaps_HeapMem_Object__count__C                         
00008508  ti_sysbios_heaps_HeapMem_reqAlign__C                              
0000850c  ti_sysbios_knl_Clock_Module_State_clockQ__O                       
00008510  ti_sysbios_knl_Semaphore_Instance_State_pendQ__O                  
00008514  ti_sysbios_knl_Swi_Object__count__C                               
00008518  ti_sysbios_knl_Task_Module_State_inactiveQ__O                     
0000851c  ti_sysbios_knl_Task_Object__count__C                              
00008520  ti_sysbios_knl_Task_allBlockedFunc__C                             
00008524  ti_sysbios_knl_Task_numConstructedTasks__C                        
00008528  xdc_runtime_Assert_E_assertFailed__C                              
0000852c  xdc_runtime_Core_A_initializedParams__C                           
00008530  xdc_runtime_Core_Module__diagsEnabled__C                          
00008534  xdc_runtime_Core_Module__diagsIncluded__C                         
00008538  xdc_runtime_Core_Module__diagsMask__C                             
0000853c  xdc_runtime_Error_E_memory__C                                     
00008540  xdc_runtime_Error_Module__diagsEnabled__C                         
00008544  xdc_runtime_Error_Module__diagsIncluded__C                        
00008548  xdc_runtime_Error_Module__diagsMask__C                            
0000854c  xdc_runtime_Error_Module__loggerFxn8__C                           
00008550  xdc_runtime_Error_Module__loggerObj__C                            
00008554  xdc_runtime_Error_policyFxn__C                                    
00008558  xdc_runtime_Error_raiseHook__C                                    
0000855c  xdc_runtime_IGateProvider_Interface__BASE__C                      
00008560  xdc_runtime_IHeap_Interface__BASE__C                              
00008564  xdc_runtime_IModule_Interface__BASE__C                            
00008568  xdc_runtime_Log_L_error__C                                        
0000856c  xdc_runtime_Memory_defaultHeapInstance__C                         
00008570  xdc_runtime_Startup_execImpl__C                                   
00008574  xdc_runtime_Startup_maxPasses__C                                  
00008578  xdc_runtime_Startup_sfxnRts__C                                    
0000857c  xdc_runtime_Startup_sfxnTab__C                                    
00008580  xdc_runtime_SysMin_bufSize__C                                     
00008584  xdc_runtime_SysMin_outputFunc__C                                  
00008588  xdc_runtime_System_Module__gateObj__C                             
0000858c  xdc_runtime_System_abortFxn__C                                    
00008590  xdc_runtime_System_exitFxn__C                                     
00008594  xdc_runtime_System_extendFxn__C                                   
00008598  xdc_runtime_System_maxAtexitHandlers__C                           
0000859c  xdc_runtime_Text_charTab__C                                       
000085a0  xdc_runtime_Text_nameEmpty__C                                     
000085a4  xdc_runtime_Text_nameStatic__C                                    
000085a8  xdc_runtime_Text_nameUnknown__C                                   
000085ac  xdc_runtime_Text_nodeTab__C                                       
000085b0  xdc_runtime_Text_visitRopeFxn__C                                  
000085b4  ti_sysbios_family_arm_m3_Hwi_Module__id__C                        
000085b6  ti_sysbios_heaps_HeapMem_Module__id__C                            
000085b8  xdc_runtime_Core_Module__id__C                                    
000085ba  xdc_runtime_Error_Module__loggerDefined__C                        
000085bc  xdc_runtime_Error_maxDepth__C                                     
000085be  xdc_runtime_Memory_Module__id__C                                  
000085c0  xdc_runtime_SysMin_flushAtExit__C                                 
000085c2  xdc_runtime_Text_charCnt__C                                       
000085c4  xdc_runtime_Text_isLoaded__C                                      
000085c6  xdc_runtime_Text_registryModsLastId__C                            
000085c8  xdc_runtime_Text_unnamedModsLastId__C                             
000085ca  xdc_runtime_Error_policy__C                                       
000085d0  __TI_static_base__                                                
00008a50  __TI_Handler_Table_Base                                           
00008a5c  __TI_Handler_Table_Limit                                          
00008a70  __TI_CINIT_Base                                                   
00008a88  __TI_CINIT_Limit                                                  
20000000  ti_sysbios_family_arm_m3_Hwi_ramVectors                           
20000360  ti_sysbios_knl_Task_Instance_State_0_stack__A                     
20000560  ti_sysbios_knl_Task_Instance_State_1_stack__A                     
20000760  ti_sysbios_knl_Task_Instance_State_2_stack__A                     
20000960  ti_sysbios_heaps_HeapMem_Instance_State_0_buf__A                  
20000d60  ti_sysbios_family_arm_m3_Hwi_dispatchTable                        
200010c0  __CIOBUF_                                                         
200011e0  xdc_runtime_SysMin_Module_State_0_outbuf__A                       
20001268  ADCAvVal                                                          
2000126c  ADCAvVal2                                                         
20001270  front_distance                                                    
20001274  input_cmd                                                         
20001278  right_distance                                                    
2000127c  ui32Load                                                          
20001280  ui32PWMClock                                                      
20001284  volts1                                                            
20001288  volts2                                                            
20001290  ti_sysbios_family_arm_lm4_Timer_Module__root__V                   
20001298  ti_sysbios_family_arm_lm4_Timer_Module_State_0_handles__A         
200012b0  ti_sysbios_family_arm_lm4_Timer_Module__state__V                  
200012bc  ti_sysbios_family_arm_m3_Hwi_Module__root__V                      
200012c4  ti_sysbios_family_arm_m3_Hwi_Module_State_0_excActive__A          
200012c8  ti_sysbios_family_arm_m3_Hwi_Module_State_0_excContext__A         
200012cc  ti_sysbios_family_arm_m3_Hwi_Module_State_0_excStack__A           
200012d0  ti_sysbios_gates_GateHwi_Module__root__V                          
200012d8  ti_sysbios_gates_GateHwi_Object__table__V                         
200012dc  ti_sysbios_gates_GateMutex_Module__root__V                        
200012e4  ti_sysbios_hal_Hwi_Module__root__V                                
200012ec  ti_sysbios_heaps_HeapMem_Module__root__V                          
200012f4  ti_sysbios_heaps_HeapMem_Object__table__V                         
2000130c  ti_sysbios_knl_Clock_Module__root__V                              
20001314  ti_sysbios_knl_Queue_Module__root__V                              
2000131c  ti_sysbios_knl_Semaphore_Module__root__V                          
20001324  ti_sysbios_knl_Swi_Module__root__V                                
2000132c  ti_sysbios_knl_Swi_Module__state__V                               
20001348  ti_sysbios_knl_Task_Module__root__V                               
20001350  ti_sysbios_knl_Task_Module_State_0_idleTask__A                    
20001354  xdc_runtime_Error_Module__state__V                                
20001358  xdc_runtime_Memory_Module__state__V                               
2000135c  xdc_runtime_Registry_Module__state__V                             
20001364  xdc_runtime_Startup_Module__state__V                              
2000136c  xdc_runtime_SysMin_Module__state__V                               
20001378  xdc_runtime_System_Module_State_0_atexitHandlers__A               
20001380  xdc_runtime_System_Module__state__V                               
20001388  xdc_runtime_Text_Module__state__V                                 
20001390  __xdc__init__addr                                                 
20001394  ti_sysbios_knl_Task_Object__table__V                              
20001528  ti_sysbios_family_arm_m3_Hwi_Object__table__V                     
200015b8  _Denorm                                                           
200015c8  _Eps                                                              
200015d8  _Hugeval                                                          
200015e8  _Inf                                                              
200015f8  _Nan                                                              
20001608  _Snan                                                             
20001618  _Rteps                                                            
20001628  _Xbig                                                             
20001630  _Zero                                                             
20001638  ti_sysbios_knl_Swi_Module_State_0_readyQ__A                       
200016b8  ti_sysbios_knl_Task_Module_State_0_readyQ__A                      
20001738  _FDenorm                                                          
20001748  _FEps                                                             
20001758  _FInf                                                             
20001768  _FNan                                                             
20001778  _FSnan                                                            
20001788  _FRteps                                                           
20001798  _FXbig                                                            
2000179c  _FZero                                                            
200017a0  pins                                                              
200017a4  led_count                                                         
200017a8  command_received                                                  
200017ac  command_char_count                                                
200017b0  prev_input_cmd                                                    
200017b4  uTurnStatus                                                       
200017b8  baseDuty                                                          
200017bc  target_distance                                                   
200017c0  curr_error                                                        
200017c4  prev_error                                                        
200017c8  integral_error                                                    
200017cc  Kp                                                                
200017d0  Ki                                                                
200017d4  Kd                                                                
200017d8  proportional                                                      
200017dc  integral                                                          
200017e0  derivative                                                        
200017e4  adjustment                                                        
200017e8  lookup_table                                                      
200017f0  table_entries                                                     
200017f4  ti_sysbios_knl_Task_Module__state__V                              
20001838  ti_sysbios_family_arm_lm4_Timer_Object__table__V                  
20001878  ti_sysbios_knl_Semaphore_Object__table__V                         
200018b4  ti_sysbios_gates_GateMutex_Object__table__V                       
200018ec  ti_sysbios_family_arm_m3_Hwi_Module__state__V                     
20001920  ti_sysbios_family_arm_lm4_Timer_Module_State_0_device__A          
20001950  ti_sysbios_knl_Swi_Object__table__V                               
20001980  ti_sysbios_knl_Clock_Module__state__V                             
200019ac  ti_sysbios_hal_Hwi_Object__table__V                               
200019d4  ti_sysbios_BIOS_Module__state__V                                  
200019f8  _lock                                                             
200019fc  _unlock                                                           
20001a00  __TI_cleanup_ptr                                                  
20001a04  __TI_dtors_ptr                                                    
20001a08  _Fenv                                                             
20001a0c  _Tls_setup__Fenv                                                  
20001a10  _Errno                                                            
20001a14  main_func_sp                                                      
20001a18  __stack                                                           
20001d18  __STACK_END                                                       
e000e000  ti_sysbios_family_arm_m3_Hwi_nvic                                 
ffffffff  __binit__                                                         
ffffffff  __c_args__                                                        
ffffffff  binit                                                             
UNDEFED   SHT$$INIT_ARRAY$$Base                                             
UNDEFED   SHT$$INIT_ARRAY$$Limit                                            

[618 symbols]
